[abbas@rnd ~]$ sudo su -
[root@rnd ~]# dmesg
[    0.000000] Linux version 4.18.0-408.el8.x86_64 (mockbuild@kbuilder.bsys.centos.org) (gcc version 8.5.0 20210514 (Red Hat 8.5.0-14) (GCC)) #1 SMP Mon Jul 18 17:42:52 UTC 2022
[    0.000000] Command line: BOOT_IMAGE=(hd0,msdos1)/vmlinuz-4.18.0-408.el8.x86_64 root=UUID=e411ea4d-4a94-4a00-95d7-d8081afaa962 ro crashkernel=auto resume=UUID=d4576449-fc6e-4dc7-8e49-cccf8fc902b0
[    0.000000] Disabled fast string operations
[    0.000000] x86/fpu: Supporting XSAVE feature 0x001: 'x87 floating point registers'
[    0.000000] x86/fpu: Supporting XSAVE feature 0x002: 'SSE registers'
[    0.000000] x86/fpu: Supporting XSAVE feature 0x004: 'AVX registers'
[    0.000000] x86/fpu: xstate_offset[2]:  576, xstate_sizes[2]:  256
[    0.000000] x86/fpu: Enabled xstate features 0x7, context size is 832 bytes, using 'compacted' format.
[    0.000000] signal: max sigframe size: 1776
[    0.000000] BIOS-provided physical RAM map:
[    0.000000] BIOS-e820: [mem 0x0000000000000000-0x000000000009ebff] usable
[    0.000000] BIOS-e820: [mem 0x000000000009ec00-0x000000000009ffff] reserved
[    0.000000] BIOS-e820: [mem 0x00000000000dc000-0x00000000000fffff] reserved
[    0.000000] BIOS-e820: [mem 0x0000000000100000-0x00000000bfecffff] usable
[    0.000000] BIOS-e820: [mem 0x00000000bfed0000-0x00000000bfefefff] ACPI data
[    0.000000] BIOS-e820: [mem 0x00000000bfeff000-0x00000000bfefffff] ACPI NVS
[    0.000000] BIOS-e820: [mem 0x00000000bff00000-0x00000000bfffffff] usable
[    0.000000] BIOS-e820: [mem 0x00000000f0000000-0x00000000f7ffffff] reserved
[    0.000000] BIOS-e820: [mem 0x00000000fec00000-0x00000000fec0ffff] reserved
[    0.000000] BIOS-e820: [mem 0x00000000fee00000-0x00000000fee00fff] reserved
[    0.000000] BIOS-e820: [mem 0x00000000fffe0000-0x00000000ffffffff] reserved
[    0.000000] BIOS-e820: [mem 0x0000000100000000-0x000000013fffffff] usable
[    0.000000] NX (Execute Disable) protection: active
[    0.000000] SMBIOS 2.7 present.
[    0.000000] DMI: VMware, Inc. VMware Virtual Platform/440BX Desktop Reference Platform, BIOS 6.00 07/22/2020
[    0.000000] vmware: hypercall mode: 0x02
[    0.000000] Hypervisor detected: VMware
[    0.000000] vmware: TSC freq read from hypervisor : 2808.003 MHz
[    0.000000] vmware: Host bus clock speed read from hypervisor : 66000000 Hz
[    0.000000] vmware: using clock offset of 27828931789 ns
[    0.000000] tsc: Detected 2808.003 MHz processor
[    0.000000] e820: update [mem 0x00000000-0x00000fff] usable ==> reserved
[    0.000000] e820: remove [mem 0x000a0000-0x000fffff] usable
[    0.000000] last_pfn = 0x140000 max_arch_pfn = 0x400000000
[    0.000000] MTRR default type: uncachable
[    0.000000] MTRR fixed ranges enabled:
[    0.000000]   00000-9FFFF write-back
[    0.000000]   A0000-BFFFF uncachable
[    0.000000]   C0000-CBFFF write-protect
[    0.000000]   CC000-EFFFF uncachable
[    0.000000]   F0000-FFFFF write-protect
[    0.000000] MTRR variable ranges enabled:
[    0.000000]   0 base 000000000000 mask 1FE000000000 write-back
[    0.000000]   1 base 0000C0000000 mask 1FFFC0000000 uncachable
[    0.000000]   2 disabled
[    0.000000]   3 disabled
[    0.000000]   4 disabled
[    0.000000]   5 disabled
[    0.000000]   6 disabled
[    0.000000]   7 disabled
[    0.000000] x86/PAT: Configuration [0-7]: WB  WC  UC- UC  WB  WP  UC- WT
[    0.000000] total RAM covered: 130048M
[    0.000000] Found optimal setting for mtrr clean up
[    0.000000]  gran_size: 64K  chunk_size: 64K         num_reg: 7      lose cover RAM: 0G
[    0.000000] e820: update [mem 0xc0000000-0xffffffff] usable ==> reserved
[    0.000000] last_pfn = 0xc0000 max_arch_pfn = 0x400000000
[    0.000000] found SMP MP-table at [mem 0x000f6a70-0x000f6a7f]
[    0.000000] Using GB pages for direct mapping
[    0.000000] BRK [0x21402000, 0x21402fff] PGTABLE
[    0.000000] BRK [0x21403000, 0x21403fff] PGTABLE
[    0.000000] BRK [0x21404000, 0x21404fff] PGTABLE
[    0.000000] BRK [0x21405000, 0x21405fff] PGTABLE
[    0.000000] RAMDISK: [mem 0x3461b000-0x36305fff]
[    0.000000] ACPI: Early table checksum verification disabled
[    0.000000] ACPI: RSDP 0x00000000000F6A00 000024 (v02 PTLTD )
[    0.000000] ACPI: XSDT 0x00000000BFEDC633 00005C (v01 INTEL  440BX    06040000 VMW  01324272)
[    0.000000] ACPI: FACP 0x00000000BFEFEE73 0000F4 (v04 INTEL  440BX    06040000 PTL  000F4240)
[    0.000000] ACPI: DSDT 0x00000000BFEDD9E8 02148B (v01 PTLTD  Custom   06040000 MSFT 03000001)
[    0.000000] ACPI: FACS 0x00000000BFEFFFC0 000040
[    0.000000] ACPI: FACS 0x00000000BFEFFFC0 000040
[    0.000000] ACPI: BOOT 0x00000000BFEDD9C0 000028 (v01 PTLTD  $SBFTBL$ 06040000  LTP 00000001)
[    0.000000] ACPI: APIC 0x00000000BFEDD27E 000742 (v01 PTLTD  ? APIC   06040000  LTP 00000000)
[    0.000000] ACPI: MCFG 0x00000000BFEDD242 00003C (v01 PTLTD  $PCITBL$ 06040000  LTP 00000001)
[    0.000000] ACPI: SRAT 0x00000000BFEDC72F 0008D0 (v02 VMWARE MEMPLUG  06040000 VMW  00000001)
[    0.000000] ACPI: HPET 0x00000000BFEDC6F7 000038 (v01 VMWARE VMW HPET 06040000 VMW  00000001)
[    0.000000] ACPI: WAET 0x00000000BFEDC6CF 000028 (v01 VMWARE VMW WAET 06040000 VMW  00000001)
[    0.000000] ACPI: Reserving FACP table memory at [mem 0xbfefee73-0xbfefef66]
[    0.000000] ACPI: Reserving DSDT table memory at [mem 0xbfedd9e8-0xbfefee72]
[    0.000000] ACPI: Reserving FACS table memory at [mem 0xbfefffc0-0xbfefffff]
[    0.000000] ACPI: Reserving FACS table memory at [mem 0xbfefffc0-0xbfefffff]
[    0.000000] ACPI: Reserving BOOT table memory at [mem 0xbfedd9c0-0xbfedd9e7]
[    0.000000] ACPI: Reserving APIC table memory at [mem 0xbfedd27e-0xbfedd9bf]
[    0.000000] ACPI: Reserving MCFG table memory at [mem 0xbfedd242-0xbfedd27d]
[    0.000000] ACPI: Reserving SRAT table memory at [mem 0xbfedc72f-0xbfedcffe]
[    0.000000] ACPI: Reserving HPET table memory at [mem 0xbfedc6f7-0xbfedc72e]
[    0.000000] ACPI: Reserving WAET table memory at [mem 0xbfedc6cf-0xbfedc6f6]
[    0.000000] ACPI: Local APIC address 0xfee00000
[    0.000000] system APIC only can use physical flat
[    0.000000] Setting APIC routing to physical flat.
[    0.000000] SRAT: PXM 0 -> APIC 0x00 -> Node 0
[    0.000000] SRAT: PXM 0 -> APIC 0x01 -> Node 0
[    0.000000] SRAT: PXM 0 -> APIC 0x02 -> Node 0
[    0.000000] SRAT: PXM 0 -> APIC 0x03 -> Node 0
[    0.000000] SRAT: PXM 0 -> APIC 0x04 -> Node 0
[    0.000000] SRAT: PXM 0 -> APIC 0x05 -> Node 0
[    0.000000] SRAT: PXM 0 -> APIC 0x06 -> Node 0
[    0.000000] SRAT: PXM 0 -> APIC 0x07 -> Node 0
[    0.000000] SRAT: PXM 0 -> APIC 0x08 -> Node 0
[    0.000000] SRAT: PXM 0 -> APIC 0x09 -> Node 0
[    0.000000] SRAT: PXM 0 -> APIC 0x0a -> Node 0
[    0.000000] SRAT: PXM 0 -> APIC 0x0b -> Node 0
[    0.000000] SRAT: PXM 0 -> APIC 0x0c -> Node 0
[    0.000000] SRAT: PXM 0 -> APIC 0x0d -> Node 0
[    0.000000] SRAT: PXM 0 -> APIC 0x0e -> Node 0
[    0.000000] SRAT: PXM 0 -> APIC 0x0f -> Node 0
[    0.000000] SRAT: PXM 0 -> APIC 0x10 -> Node 0
[    0.000000] SRAT: PXM 0 -> APIC 0x11 -> Node 0
[    0.000000] SRAT: PXM 0 -> APIC 0x12 -> Node 0
[    0.000000] SRAT: PXM 0 -> APIC 0x13 -> Node 0
[    0.000000] SRAT: PXM 0 -> APIC 0x14 -> Node 0
[    0.000000] SRAT: PXM 0 -> APIC 0x15 -> Node 0
[    0.000000] SRAT: PXM 0 -> APIC 0x16 -> Node 0
[    0.000000] SRAT: PXM 0 -> APIC 0x17 -> Node 0
[    0.000000] SRAT: PXM 0 -> APIC 0x18 -> Node 0
[    0.000000] SRAT: PXM 0 -> APIC 0x19 -> Node 0
[    0.000000] SRAT: PXM 0 -> APIC 0x1a -> Node 0
[    0.000000] SRAT: PXM 0 -> APIC 0x1b -> Node 0
[    0.000000] SRAT: PXM 0 -> APIC 0x1c -> Node 0
[    0.000000] SRAT: PXM 0 -> APIC 0x1d -> Node 0
[    0.000000] SRAT: PXM 0 -> APIC 0x1e -> Node 0
[    0.000000] SRAT: PXM 0 -> APIC 0x1f -> Node 0
[    0.000000] SRAT: PXM 0 -> APIC 0x20 -> Node 0
[    0.000000] SRAT: PXM 0 -> APIC 0x21 -> Node 0
[    0.000000] SRAT: PXM 0 -> APIC 0x22 -> Node 0
[    0.000000] SRAT: PXM 0 -> APIC 0x23 -> Node 0
[    0.000000] SRAT: PXM 0 -> APIC 0x24 -> Node 0
[    0.000000] SRAT: PXM 0 -> APIC 0x25 -> Node 0
[    0.000000] SRAT: PXM 0 -> APIC 0x26 -> Node 0
[    0.000000] SRAT: PXM 0 -> APIC 0x27 -> Node 0
[    0.000000] SRAT: PXM 0 -> APIC 0x28 -> Node 0
[    0.000000] SRAT: PXM 0 -> APIC 0x29 -> Node 0
[    0.000000] SRAT: PXM 0 -> APIC 0x2a -> Node 0
[    0.000000] SRAT: PXM 0 -> APIC 0x2b -> Node 0
[    0.000000] SRAT: PXM 0 -> APIC 0x2c -> Node 0
[    0.000000] SRAT: PXM 0 -> APIC 0x2d -> Node 0
[    0.000000] SRAT: PXM 0 -> APIC 0x2e -> Node 0
[    0.000000] SRAT: PXM 0 -> APIC 0x2f -> Node 0
[    0.000000] SRAT: PXM 0 -> APIC 0x30 -> Node 0
[    0.000000] SRAT: PXM 0 -> APIC 0x31 -> Node 0
[    0.000000] SRAT: PXM 0 -> APIC 0x32 -> Node 0
[    0.000000] SRAT: PXM 0 -> APIC 0x33 -> Node 0
[    0.000000] SRAT: PXM 0 -> APIC 0x34 -> Node 0
[    0.000000] SRAT: PXM 0 -> APIC 0x35 -> Node 0
[    0.000000] SRAT: PXM 0 -> APIC 0x36 -> Node 0
[    0.000000] SRAT: PXM 0 -> APIC 0x37 -> Node 0
[    0.000000] SRAT: PXM 0 -> APIC 0x38 -> Node 0
[    0.000000] SRAT: PXM 0 -> APIC 0x39 -> Node 0
[    0.000000] SRAT: PXM 0 -> APIC 0x3a -> Node 0
[    0.000000] SRAT: PXM 0 -> APIC 0x3b -> Node 0
[    0.000000] SRAT: PXM 0 -> APIC 0x3c -> Node 0
[    0.000000] SRAT: PXM 0 -> APIC 0x3d -> Node 0
[    0.000000] SRAT: PXM 0 -> APIC 0x3e -> Node 0
[    0.000000] SRAT: PXM 0 -> APIC 0x3f -> Node 0
[    0.000000] SRAT: PXM 0 -> APIC 0x40 -> Node 0
[    0.000000] SRAT: PXM 0 -> APIC 0x41 -> Node 0
[    0.000000] SRAT: PXM 0 -> APIC 0x42 -> Node 0
[    0.000000] SRAT: PXM 0 -> APIC 0x43 -> Node 0
[    0.000000] SRAT: PXM 0 -> APIC 0x44 -> Node 0
[    0.000000] SRAT: PXM 0 -> APIC 0x45 -> Node 0
[    0.000000] SRAT: PXM 0 -> APIC 0x46 -> Node 0
[    0.000000] SRAT: PXM 0 -> APIC 0x47 -> Node 0
[    0.000000] SRAT: PXM 0 -> APIC 0x48 -> Node 0
[    0.000000] SRAT: PXM 0 -> APIC 0x49 -> Node 0
[    0.000000] SRAT: PXM 0 -> APIC 0x4a -> Node 0
[    0.000000] SRAT: PXM 0 -> APIC 0x4b -> Node 0
[    0.000000] SRAT: PXM 0 -> APIC 0x4c -> Node 0
[    0.000000] SRAT: PXM 0 -> APIC 0x4d -> Node 0
[    0.000000] SRAT: PXM 0 -> APIC 0x4e -> Node 0
[    0.000000] SRAT: PXM 0 -> APIC 0x4f -> Node 0
[    0.000000] SRAT: PXM 0 -> APIC 0x50 -> Node 0
[    0.000000] SRAT: PXM 0 -> APIC 0x51 -> Node 0
[    0.000000] SRAT: PXM 0 -> APIC 0x52 -> Node 0
[    0.000000] SRAT: PXM 0 -> APIC 0x53 -> Node 0
[    0.000000] SRAT: PXM 0 -> APIC 0x54 -> Node 0
[    0.000000] SRAT: PXM 0 -> APIC 0x55 -> Node 0
[    0.000000] SRAT: PXM 0 -> APIC 0x56 -> Node 0
[    0.000000] SRAT: PXM 0 -> APIC 0x57 -> Node 0
[    0.000000] SRAT: PXM 0 -> APIC 0x58 -> Node 0
[    0.000000] SRAT: PXM 0 -> APIC 0x59 -> Node 0
[    0.000000] SRAT: PXM 0 -> APIC 0x5a -> Node 0
[    0.000000] SRAT: PXM 0 -> APIC 0x5b -> Node 0
[    0.000000] SRAT: PXM 0 -> APIC 0x5c -> Node 0
[    0.000000] SRAT: PXM 0 -> APIC 0x5d -> Node 0
[    0.000000] SRAT: PXM 0 -> APIC 0x5e -> Node 0
[    0.000000] SRAT: PXM 0 -> APIC 0x5f -> Node 0
[    0.000000] SRAT: PXM 0 -> APIC 0x60 -> Node 0
[    0.000000] SRAT: PXM 0 -> APIC 0x61 -> Node 0
[    0.000000] SRAT: PXM 0 -> APIC 0x62 -> Node 0
[    0.000000] SRAT: PXM 0 -> APIC 0x63 -> Node 0
[    0.000000] SRAT: PXM 0 -> APIC 0x64 -> Node 0
[    0.000000] SRAT: PXM 0 -> APIC 0x65 -> Node 0
[    0.000000] SRAT: PXM 0 -> APIC 0x66 -> Node 0
[    0.000000] SRAT: PXM 0 -> APIC 0x67 -> Node 0
[    0.000000] SRAT: PXM 0 -> APIC 0x68 -> Node 0
[    0.000000] SRAT: PXM 0 -> APIC 0x69 -> Node 0
[    0.000000] SRAT: PXM 0 -> APIC 0x6a -> Node 0
[    0.000000] SRAT: PXM 0 -> APIC 0x6b -> Node 0
[    0.000000] SRAT: PXM 0 -> APIC 0x6c -> Node 0
[    0.000000] SRAT: PXM 0 -> APIC 0x6d -> Node 0
[    0.000000] SRAT: PXM 0 -> APIC 0x6e -> Node 0
[    0.000000] SRAT: PXM 0 -> APIC 0x6f -> Node 0
[    0.000000] SRAT: PXM 0 -> APIC 0x70 -> Node 0
[    0.000000] SRAT: PXM 0 -> APIC 0x71 -> Node 0
[    0.000000] SRAT: PXM 0 -> APIC 0x72 -> Node 0
[    0.000000] SRAT: PXM 0 -> APIC 0x73 -> Node 0
[    0.000000] SRAT: PXM 0 -> APIC 0x74 -> Node 0
[    0.000000] SRAT: PXM 0 -> APIC 0x75 -> Node 0
[    0.000000] SRAT: PXM 0 -> APIC 0x76 -> Node 0
[    0.000000] SRAT: PXM 0 -> APIC 0x77 -> Node 0
[    0.000000] SRAT: PXM 0 -> APIC 0x78 -> Node 0
[    0.000000] SRAT: PXM 0 -> APIC 0x79 -> Node 0
[    0.000000] SRAT: PXM 0 -> APIC 0x7a -> Node 0
[    0.000000] SRAT: PXM 0 -> APIC 0x7b -> Node 0
[    0.000000] SRAT: PXM 0 -> APIC 0x7c -> Node 0
[    0.000000] SRAT: PXM 0 -> APIC 0x7d -> Node 0
[    0.000000] SRAT: PXM 0 -> APIC 0x7e -> Node 0
[    0.000000] SRAT: PXM 0 -> APIC 0x7f -> Node 0
[    0.000000] ACPI: SRAT: Node 0 PXM 0 [mem 0x00000000-0x0009ffff]
[    0.000000] ACPI: SRAT: Node 0 PXM 0 [mem 0x00100000-0xbfffffff]
[    0.000000] ACPI: SRAT: Node 0 PXM 0 [mem 0x100000000-0x13fffffff]
[    0.000000] ACPI: SRAT: Node 0 PXM 0 [mem 0x140000000-0x103fffffff] hotplug
[    0.000000] NUMA: Node 0 [mem 0x00000000-0x0009ffff] + [mem 0x00100000-0xbfffffff] -> [mem 0x00000000-0xbfffffff]
[    0.000000] NUMA: Node 0 [mem 0x00000000-0xbfffffff] + [mem 0x100000000-0x13fffffff] -> [mem 0x00000000-0x13fffffff]
[    0.000000] NODE_DATA(0) allocated [mem 0x13ffd3000-0x13fffdfff]
[    0.000000] Using crashkernel=auto, the size chosen is a best effort estimation.
[    0.000000] Reserving 192MB of memory at 2864MB for crashkernel (System RAM: 4095MB)
[    0.000000] Zone ranges:
[    0.000000]   DMA      [mem 0x0000000000001000-0x0000000000ffffff]
[    0.000000]   DMA32    [mem 0x0000000001000000-0x00000000ffffffff]
[    0.000000]   Normal   [mem 0x0000000100000000-0x000000013fffffff]
[    0.000000]   Device   empty
[    0.000000] Movable zone start for each node
[    0.000000] Early memory node ranges
[    0.000000]   node   0: [mem 0x0000000000001000-0x000000000009dfff]
[    0.000000]   node   0: [mem 0x0000000000100000-0x00000000bfecffff]
[    0.000000]   node   0: [mem 0x00000000bff00000-0x00000000bfffffff]
[    0.000000]   node   0: [mem 0x0000000100000000-0x000000013fffffff]
[    0.000000] Zeroed struct page in unavailable ranges: 147 pages
[    0.000000] Initmem setup node 0 [mem 0x0000000000001000-0x000000013fffffff]
[    0.000000] On node 0 totalpages: 1048429
[    0.000000]   DMA zone: 64 pages used for memmap
[    0.000000]   DMA zone: 157 pages reserved
[    0.000000]   DMA zone: 3997 pages, LIFO batch:0
[    0.000000]   DMA32 zone: 12224 pages used for memmap
[    0.000000]   DMA32 zone: 782288 pages, LIFO batch:63
[    0.000000]   Normal zone: 4096 pages used for memmap
[    0.000000]   Normal zone: 262144 pages, LIFO batch:63
[    0.000000] ACPI: PM-Timer IO Port: 0x1008
[    0.000000] ACPI: Local APIC address 0xfee00000
[    0.000000] system APIC only can use physical flat
[    0.000000] ACPI: LAPIC_NMI (acpi_id[0x00] high edge lint[0x1])
[    0.000000] ACPI: LAPIC_NMI (acpi_id[0x01] high edge lint[0x1])
[    0.000000] ACPI: LAPIC_NMI (acpi_id[0x02] high edge lint[0x1])
[    0.000000] ACPI: LAPIC_NMI (acpi_id[0x03] high edge lint[0x1])
[    0.000000] ACPI: LAPIC_NMI (acpi_id[0x04] high edge lint[0x1])
[    0.000000] ACPI: LAPIC_NMI (acpi_id[0x05] high edge lint[0x1])
[    0.000000] ACPI: LAPIC_NMI (acpi_id[0x06] high edge lint[0x1])
[    0.000000] ACPI: LAPIC_NMI (acpi_id[0x07] high edge lint[0x1])
[    0.000000] ACPI: LAPIC_NMI (acpi_id[0x08] high edge lint[0x1])
[    0.000000] ACPI: LAPIC_NMI (acpi_id[0x09] high edge lint[0x1])
[    0.000000] ACPI: LAPIC_NMI (acpi_id[0x0a] high edge lint[0x1])
[    0.000000] ACPI: LAPIC_NMI (acpi_id[0x0b] high edge lint[0x1])
[    0.000000] ACPI: LAPIC_NMI (acpi_id[0x0c] high edge lint[0x1])
[    0.000000] ACPI: LAPIC_NMI (acpi_id[0x0d] high edge lint[0x1])
[    0.000000] ACPI: LAPIC_NMI (acpi_id[0x0e] high edge lint[0x1])
[    0.000000] ACPI: LAPIC_NMI (acpi_id[0x0f] high edge lint[0x1])
[    0.000000] ACPI: LAPIC_NMI (acpi_id[0x10] high edge lint[0x1])
[    0.000000] ACPI: LAPIC_NMI (acpi_id[0x11] high edge lint[0x1])
[    0.000000] ACPI: LAPIC_NMI (acpi_id[0x12] high edge lint[0x1])
[    0.000000] ACPI: LAPIC_NMI (acpi_id[0x13] high edge lint[0x1])
[    0.000000] ACPI: LAPIC_NMI (acpi_id[0x14] high edge lint[0x1])
[    0.000000] ACPI: LAPIC_NMI (acpi_id[0x15] high edge lint[0x1])
[    0.000000] ACPI: LAPIC_NMI (acpi_id[0x16] high edge lint[0x1])
[    0.000000] ACPI: LAPIC_NMI (acpi_id[0x17] high edge lint[0x1])
[    0.000000] ACPI: LAPIC_NMI (acpi_id[0x18] high edge lint[0x1])
[    0.000000] ACPI: LAPIC_NMI (acpi_id[0x19] high edge lint[0x1])
[    0.000000] ACPI: LAPIC_NMI (acpi_id[0x1a] high edge lint[0x1])
[    0.000000] ACPI: LAPIC_NMI (acpi_id[0x1b] high edge lint[0x1])
[    0.000000] ACPI: LAPIC_NMI (acpi_id[0x1c] high edge lint[0x1])
[    0.000000] ACPI: LAPIC_NMI (acpi_id[0x1d] high edge lint[0x1])
[    0.000000] ACPI: LAPIC_NMI (acpi_id[0x1e] high edge lint[0x1])
[    0.000000] ACPI: LAPIC_NMI (acpi_id[0x1f] high edge lint[0x1])
[    0.000000] ACPI: LAPIC_NMI (acpi_id[0x20] high edge lint[0x1])
[    0.000000] ACPI: LAPIC_NMI (acpi_id[0x21] high edge lint[0x1])
[    0.000000] ACPI: LAPIC_NMI (acpi_id[0x22] high edge lint[0x1])
[    0.000000] ACPI: LAPIC_NMI (acpi_id[0x23] high edge lint[0x1])
[    0.000000] ACPI: LAPIC_NMI (acpi_id[0x24] high edge lint[0x1])
[    0.000000] ACPI: LAPIC_NMI (acpi_id[0x25] high edge lint[0x1])
[    0.000000] ACPI: LAPIC_NMI (acpi_id[0x26] high edge lint[0x1])
[    0.000000] ACPI: LAPIC_NMI (acpi_id[0x27] high edge lint[0x1])
[    0.000000] ACPI: LAPIC_NMI (acpi_id[0x28] high edge lint[0x1])
[    0.000000] ACPI: LAPIC_NMI (acpi_id[0x29] high edge lint[0x1])
[    0.000000] ACPI: LAPIC_NMI (acpi_id[0x2a] high edge lint[0x1])
[    0.000000] ACPI: LAPIC_NMI (acpi_id[0x2b] high edge lint[0x1])
[    0.000000] ACPI: LAPIC_NMI (acpi_id[0x2c] high edge lint[0x1])
[    0.000000] ACPI: LAPIC_NMI (acpi_id[0x2d] high edge lint[0x1])
[    0.000000] ACPI: LAPIC_NMI (acpi_id[0x2e] high edge lint[0x1])
[    0.000000] ACPI: LAPIC_NMI (acpi_id[0x2f] high edge lint[0x1])
[    0.000000] ACPI: LAPIC_NMI (acpi_id[0x30] high edge lint[0x1])
[    0.000000] ACPI: LAPIC_NMI (acpi_id[0x31] high edge lint[0x1])
[    0.000000] ACPI: LAPIC_NMI (acpi_id[0x32] high edge lint[0x1])
[    0.000000] ACPI: LAPIC_NMI (acpi_id[0x33] high edge lint[0x1])
[    0.000000] ACPI: LAPIC_NMI (acpi_id[0x34] high edge lint[0x1])
[    0.000000] ACPI: LAPIC_NMI (acpi_id[0x35] high edge lint[0x1])
[    0.000000] ACPI: LAPIC_NMI (acpi_id[0x36] high edge lint[0x1])
[    0.000000] ACPI: LAPIC_NMI (acpi_id[0x37] high edge lint[0x1])
[    0.000000] ACPI: LAPIC_NMI (acpi_id[0x38] high edge lint[0x1])
[    0.000000] ACPI: LAPIC_NMI (acpi_id[0x39] high edge lint[0x1])
[    0.000000] ACPI: LAPIC_NMI (acpi_id[0x3a] high edge lint[0x1])
[    0.000000] ACPI: LAPIC_NMI (acpi_id[0x3b] high edge lint[0x1])
[    0.000000] ACPI: LAPIC_NMI (acpi_id[0x3c] high edge lint[0x1])
[    0.000000] ACPI: LAPIC_NMI (acpi_id[0x3d] high edge lint[0x1])
[    0.000000] ACPI: LAPIC_NMI (acpi_id[0x3e] high edge lint[0x1])
[    0.000000] ACPI: LAPIC_NMI (acpi_id[0x3f] high edge lint[0x1])
[    0.000000] ACPI: LAPIC_NMI (acpi_id[0x40] high edge lint[0x1])
[    0.000000] ACPI: LAPIC_NMI (acpi_id[0x41] high edge lint[0x1])
[    0.000000] ACPI: LAPIC_NMI (acpi_id[0x42] high edge lint[0x1])
[    0.000000] ACPI: LAPIC_NMI (acpi_id[0x43] high edge lint[0x1])
[    0.000000] ACPI: LAPIC_NMI (acpi_id[0x44] high edge lint[0x1])
[    0.000000] ACPI: LAPIC_NMI (acpi_id[0x45] high edge lint[0x1])
[    0.000000] ACPI: LAPIC_NMI (acpi_id[0x46] high edge lint[0x1])
[    0.000000] ACPI: LAPIC_NMI (acpi_id[0x47] high edge lint[0x1])
[    0.000000] ACPI: LAPIC_NMI (acpi_id[0x48] high edge lint[0x1])
[    0.000000] ACPI: LAPIC_NMI (acpi_id[0x49] high edge lint[0x1])
[    0.000000] ACPI: LAPIC_NMI (acpi_id[0x4a] high edge lint[0x1])
[    0.000000] ACPI: LAPIC_NMI (acpi_id[0x4b] high edge lint[0x1])
[    0.000000] ACPI: LAPIC_NMI (acpi_id[0x4c] high edge lint[0x1])
[    0.000000] ACPI: LAPIC_NMI (acpi_id[0x4d] high edge lint[0x1])
[    0.000000] ACPI: LAPIC_NMI (acpi_id[0x4e] high edge lint[0x1])
[    0.000000] ACPI: LAPIC_NMI (acpi_id[0x4f] high edge lint[0x1])
[    0.000000] ACPI: LAPIC_NMI (acpi_id[0x50] high edge lint[0x1])
[    0.000000] ACPI: LAPIC_NMI (acpi_id[0x51] high edge lint[0x1])
[    0.000000] ACPI: LAPIC_NMI (acpi_id[0x52] high edge lint[0x1])
[    0.000000] ACPI: LAPIC_NMI (acpi_id[0x53] high edge lint[0x1])
[    0.000000] ACPI: LAPIC_NMI (acpi_id[0x54] high edge lint[0x1])
[    0.000000] ACPI: LAPIC_NMI (acpi_id[0x55] high edge lint[0x1])
[    0.000000] ACPI: LAPIC_NMI (acpi_id[0x56] high edge lint[0x1])
[    0.000000] ACPI: LAPIC_NMI (acpi_id[0x57] high edge lint[0x1])
[    0.000000] ACPI: LAPIC_NMI (acpi_id[0x58] high edge lint[0x1])
[    0.000000] ACPI: LAPIC_NMI (acpi_id[0x59] high edge lint[0x1])
[    0.000000] ACPI: LAPIC_NMI (acpi_id[0x5a] high edge lint[0x1])
[    0.000000] ACPI: LAPIC_NMI (acpi_id[0x5b] high edge lint[0x1])
[    0.000000] ACPI: LAPIC_NMI (acpi_id[0x5c] high edge lint[0x1])
[    0.000000] ACPI: LAPIC_NMI (acpi_id[0x5d] high edge lint[0x1])
[    0.000000] ACPI: LAPIC_NMI (acpi_id[0x5e] high edge lint[0x1])
[    0.000000] ACPI: LAPIC_NMI (acpi_id[0x5f] high edge lint[0x1])
[    0.000000] ACPI: LAPIC_NMI (acpi_id[0x60] high edge lint[0x1])
[    0.000000] ACPI: LAPIC_NMI (acpi_id[0x61] high edge lint[0x1])
[    0.000000] ACPI: LAPIC_NMI (acpi_id[0x62] high edge lint[0x1])
[    0.000000] ACPI: LAPIC_NMI (acpi_id[0x63] high edge lint[0x1])
[    0.000000] ACPI: LAPIC_NMI (acpi_id[0x64] high edge lint[0x1])
[    0.000000] ACPI: LAPIC_NMI (acpi_id[0x65] high edge lint[0x1])
[    0.000000] ACPI: LAPIC_NMI (acpi_id[0x66] high edge lint[0x1])
[    0.000000] ACPI: LAPIC_NMI (acpi_id[0x67] high edge lint[0x1])
[    0.000000] ACPI: LAPIC_NMI (acpi_id[0x68] high edge lint[0x1])
[    0.000000] ACPI: LAPIC_NMI (acpi_id[0x69] high edge lint[0x1])
[    0.000000] ACPI: LAPIC_NMI (acpi_id[0x6a] high edge lint[0x1])
[    0.000000] ACPI: LAPIC_NMI (acpi_id[0x6b] high edge lint[0x1])
[    0.000000] ACPI: LAPIC_NMI (acpi_id[0x6c] high edge lint[0x1])
[    0.000000] ACPI: LAPIC_NMI (acpi_id[0x6d] high edge lint[0x1])
[    0.000000] ACPI: LAPIC_NMI (acpi_id[0x6e] high edge lint[0x1])
[    0.000000] ACPI: LAPIC_NMI (acpi_id[0x6f] high edge lint[0x1])
[    0.000000] ACPI: LAPIC_NMI (acpi_id[0x70] high edge lint[0x1])
[    0.000000] ACPI: LAPIC_NMI (acpi_id[0x71] high edge lint[0x1])
[    0.000000] ACPI: LAPIC_NMI (acpi_id[0x72] high edge lint[0x1])
[    0.000000] ACPI: LAPIC_NMI (acpi_id[0x73] high edge lint[0x1])
[    0.000000] ACPI: LAPIC_NMI (acpi_id[0x74] high edge lint[0x1])
[    0.000000] ACPI: LAPIC_NMI (acpi_id[0x75] high edge lint[0x1])
[    0.000000] ACPI: LAPIC_NMI (acpi_id[0x76] high edge lint[0x1])
[    0.000000] ACPI: LAPIC_NMI (acpi_id[0x77] high edge lint[0x1])
[    0.000000] ACPI: LAPIC_NMI (acpi_id[0x78] high edge lint[0x1])
[    0.000000] ACPI: LAPIC_NMI (acpi_id[0x79] high edge lint[0x1])
[    0.000000] ACPI: LAPIC_NMI (acpi_id[0x7a] high edge lint[0x1])
[    0.000000] ACPI: LAPIC_NMI (acpi_id[0x7b] high edge lint[0x1])
[    0.000000] ACPI: LAPIC_NMI (acpi_id[0x7c] high edge lint[0x1])
[    0.000000] ACPI: LAPIC_NMI (acpi_id[0x7d] high edge lint[0x1])
[    0.000000] ACPI: LAPIC_NMI (acpi_id[0x7e] high edge lint[0x1])
[    0.000000] ACPI: LAPIC_NMI (acpi_id[0x7f] high edge lint[0x1])
[    0.000000] IOAPIC[0]: apic_id 128, version 32, address 0xfec00000, GSI 0-23
[    0.000000] ACPI: INT_SRC_OVR (bus 0 bus_irq 0 global_irq 2 high edge)
[    0.000000] ACPI: IRQ0 used by override.
[    0.000000] ACPI: IRQ9 used by override.
[    0.000000] Using ACPI (MADT) for SMP configuration information
[    0.000000] ACPI: HPET id: 0x8086af01 base: 0xfed00000
[    0.000000] TSC deadline timer available
[    0.000000] smpboot: Allowing 128 CPUs, 126 hotplug CPUs
[    0.000000] PM: Registered nosave memory: [mem 0x00000000-0x00000fff]
[    0.000000] PM: Registered nosave memory: [mem 0x0009e000-0x0009efff]
[    0.000000] PM: Registered nosave memory: [mem 0x0009f000-0x0009ffff]
[    0.000000] PM: Registered nosave memory: [mem 0x000a0000-0x000dbfff]
[    0.000000] PM: Registered nosave memory: [mem 0x000dc000-0x000fffff]
[    0.000000] PM: Registered nosave memory: [mem 0xbfed0000-0xbfefefff]
[    0.000000] PM: Registered nosave memory: [mem 0xbfeff000-0xbfefffff]
[    0.000000] PM: Registered nosave memory: [mem 0xc0000000-0xefffffff]
[    0.000000] PM: Registered nosave memory: [mem 0xf0000000-0xf7ffffff]
[    0.000000] PM: Registered nosave memory: [mem 0xf8000000-0xfebfffff]
[    0.000000] PM: Registered nosave memory: [mem 0xfec00000-0xfec0ffff]
[    0.000000] PM: Registered nosave memory: [mem 0xfec10000-0xfedfffff]
[    0.000000] PM: Registered nosave memory: [mem 0xfee00000-0xfee00fff]
[    0.000000] PM: Registered nosave memory: [mem 0xfee01000-0xfffdffff]
[    0.000000] PM: Registered nosave memory: [mem 0xfffe0000-0xffffffff]
[    0.000000] [mem 0xc0000000-0xefffffff] available for PCI devices
[    0.000000] Booting paravirtualized kernel on VMware hypervisor
[    0.000000] clocksource: refined-jiffies: mask: 0xffffffff max_cycles: 0xffffffff, max_idle_ns: 1910969940391419 ns
[    0.000000] setup_percpu: NR_CPUS:8192 nr_cpumask_bits:128 nr_cpu_ids:128 nr_node_ids:1
[    0.000000] percpu: Embedded 55 pages/cpu s188416 r8192 d28672 u262144
[    0.000000] pcpu-alloc: s188416 r8192 d28672 u262144 alloc=1*2097152
[    0.000000] pcpu-alloc: [0] 000 001 002 003 004 005 006 007
[    0.000000] pcpu-alloc: [0] 008 009 010 011 012 013 014 015
[    0.000000] pcpu-alloc: [0] 016 017 018 019 020 021 022 023
[    0.000000] pcpu-alloc: [0] 024 025 026 027 028 029 030 031
[    0.000000] pcpu-alloc: [0] 032 033 034 035 036 037 038 039
[    0.000000] pcpu-alloc: [0] 040 041 042 043 044 045 046 047
[    0.000000] pcpu-alloc: [0] 048 049 050 051 052 053 054 055
[    0.000000] pcpu-alloc: [0] 056 057 058 059 060 061 062 063
[    0.000000] pcpu-alloc: [0] 064 065 066 067 068 069 070 071
[    0.000000] pcpu-alloc: [0] 072 073 074 075 076 077 078 079
[    0.000000] pcpu-alloc: [0] 080 081 082 083 084 085 086 087
[    0.000000] pcpu-alloc: [0] 088 089 090 091 092 093 094 095
[    0.000000] pcpu-alloc: [0] 096 097 098 099 100 101 102 103
[    0.000000] pcpu-alloc: [0] 104 105 106 107 108 109 110 111
[    0.000000] pcpu-alloc: [0] 112 113 114 115 116 117 118 119
[    0.000000] pcpu-alloc: [0] 120 121 122 123 124 125 126 127
[    0.000000] Built 1 zonelists, mobility grouping on.  Total pages: 1031888
[    0.000000] Policy zone: Normal
[    0.000000] Kernel command line: BOOT_IMAGE=(hd0,msdos1)/vmlinuz-4.18.0-408.el8.x86_64 root=UUID=e411ea4d-4a94-4a00-95d7-d8081afaa962 ro crashkernel=auto resume=UUID=d4576449-fc6e-4dc7-8e49-cccf8fc902b0
[    0.000000] Specific versions of hardware are certified with Red Hat Enterprise Linux 8. Please see the list of hardware certified with Red Hat Enterprise Linux 8 at https://catalog.redhat.com.
[    0.000000] Memory: 2932572K/4193716K available (12293K kernel code, 5872K rwdata, 8356K rodata, 2532K init, 14296K bss, 438412K reserved, 0K cma-reserved)
[    0.000000] SLUB: HWalign=64, Order=0-3, MinObjects=0, CPUs=128, Nodes=1
[    0.000000] Kernel/User page tables isolation: enabled
[    0.000000] ftrace: allocating 40292 entries in 158 pages
[    0.000000] ftrace: allocated 158 pages with 5 groups
[    0.000000] rcu: Hierarchical RCU implementation.
[    0.000000] rcu:     RCU restricting CPUs from NR_CPUS=8192 to nr_cpu_ids=128.
[    0.000000]  Rude variant of Tasks RCU enabled.
[    0.000000]  Tracing variant of Tasks RCU enabled.
[    0.000000] rcu: RCU calculated value of scheduler-enlistment delay is 100 jiffies.
[    0.000000] rcu: Adjusting geometry for rcu_fanout_leaf=16, nr_cpu_ids=128
[    0.000000] NR_IRQS: 524544, nr_irqs: 1448, preallocated irqs: 16
[    0.000000] random: crng done (trusting CPU's manufacturer)
[    0.001000] Console: colour VGA+ 80x25
[    0.001000] printk: console [tty0] enabled
[    0.001000] ACPI: Core revision 20210930
[    0.001000] clocksource: hpet: mask: 0xffffffff max_cycles: 0xffffffff, max_idle_ns: 133484882848 ns
[    0.001000] hpet clockevent registered
[    0.001006] APIC: Switch to symmetric I/O mode setup
[    0.001428] x2apic enabled
[    0.001711] Switched APIC routing to physical x2apic.
[    0.002873] ..TIMER: vector=0x30 apic1=0 pin1=2 apic2=-1 pin2=-1
[    0.003000] clocksource: tsc-early: mask: 0xffffffffffffffff max_cycles: 0x2879c8bd2ec, max_idle_ns: 440795270831 ns
[    0.003000] Calibrating delay loop (skipped) preset value.. 5616.00 BogoMIPS (lpj=2808003)
[    0.003000] pid_max: default: 131072 minimum: 1024
[    0.003000] LSM: Security Framework initializing
[    0.003000] Yama: becoming mindful.
[    0.003000] SELinux:  Initializing.
[    0.003081] LSM support for eBPF active
[    0.004287] Dentry cache hash table entries: 524288 (order: 10, 4194304 bytes, vmalloc)
[    0.005189] Inode-cache hash table entries: 262144 (order: 9, 2097152 bytes, vmalloc)
[    0.005391] Mount-cache hash table entries: 8192 (order: 4, 65536 bytes, vmalloc)
[    0.005561] Mountpoint-cache hash table entries: 8192 (order: 4, 65536 bytes, vmalloc)
[    0.006411] Disabled fast string operations
[    0.006560] Last level iTLB entries: 4KB 64, 2MB 8, 4MB 8
[    0.006672] Last level dTLB entries: 4KB 64, 2MB 0, 4MB 0, 1GB 4
[    0.006796] FEATURE SPEC_CTRL Present
[    0.006872] FEATURE IBPB_SUPPORT Present
[    0.006953] Spectre V1 : Mitigation: usercopy/swapgs barriers and __user pointer sanitization
[    0.007003] Spectre V2 : Using retpoline on Skylake-generation processors may not fully mitigate the vulnerability.
[    0.007226] Spectre V2 : Add the "spectre_v2=ibrs" kernel boot flag to enable IBRS on Skylake systems that need full mitigation.
[    0.007455] Spectre V2 : Mitigation: Retpolines
[    0.007547] Spectre V2 : Spectre v2 / SpectreRSB mitigation: Filling RSB on context switch
[    0.007719] Spectre V2 : Enabling Restricted Speculation for firmware calls
[    0.008001] Spectre V2 : mitigation: Enabling conditional Indirect Branch Prediction Barrier
[    0.008258] Speculative Store Bypass: Mitigation: Speculative Store Bypass disabled via prctl and seccomp
[    0.008451] SRBDS: Unknown: Dependent on hypervisor status
[    0.008562] MDS: Mitigation: Clear CPU buffers
[    0.009000] Freeing SMP alternatives memory: 36K
[    0.012123] smpboot: CPU0: Intel(R) Core(TM) i7-7700HQ CPU @ 2.80GHz (family: 0x6, model: 0x9e, stepping: 0x9)
[    0.012887] Performance Events: Skylake events, core PMU driver.
[    0.013000] core: CPUID marked event: 'cpu cycles' unavailable
[    0.013002] core: CPUID marked event: 'instructions' unavailable
[    0.013125] core: CPUID marked event: 'bus cycles' unavailable
[    0.013288] core: CPUID marked event: 'cache references' unavailable
[    0.013476] core: CPUID marked event: 'cache misses' unavailable
[    0.013649] core: CPUID marked event: 'branch instructions' unavailable
[    0.013783] core: CPUID marked event: 'branch misses' unavailable
[    0.013907] ... version:                1
[    0.013991] ... bit width:              48
[    0.014002] ... generic registers:      4
[    0.014086] ... value mask:             0000ffffffffffff
[    0.014228] ... max period:             000000007fffffff
[    0.014355] ... fixed-purpose events:   0
[    0.014439] ... event mask:             000000000000000f
[    0.014655] rcu: Hierarchical SRCU implementation.
[    0.015361] NMI watchdog: Perf NMI watchdog permanently disabled
[    0.025600] smp: Bringing up secondary CPUs ...
[    0.026159] x86: Booting SMP configuration:
[    0.026260] .... node  #0, CPUs:          #1
[    0.001000] Disabled fast string operations
[    0.027184] smp: Brought up 1 node, 2 CPUs
[    0.027184] smpboot: Max logical packages: 64
[    0.027226] smpboot: Total of 2 processors activated (11232.01 BogoMIPS)
[    0.032292] node 0 deferred pages initialised in 4ms
[    0.033097] devtmpfs: initialized
[    0.033097] x86/mm: Memory block size: 128MB
[    0.033505] ACPI: PM: Registering ACPI NVS region [mem 0xbfeff000-0xbfefffff] (4096 bytes)
[    0.034067] clocksource: jiffies: mask: 0xffffffff max_cycles: 0xffffffff, max_idle_ns: 1911260446275000 ns
[    0.034207] futex hash table entries: 32768 (order: 9, 2097152 bytes, vmalloc)
[    0.034647] pinctrl core: initialized pinctrl subsystem
[    0.035144] NET: Registered protocol family 16
[    0.035251] DMA: preallocated 512 KiB GFP_KERNEL pool for atomic allocations
[    0.035303] DMA: preallocated 512 KiB GFP_KERNEL|GFP_DMA pool for atomic allocations
[    0.035359] DMA: preallocated 512 KiB GFP_KERNEL|GFP_DMA32 pool for atomic allocations
[    0.035438] audit: initializing netlink subsys (disabled)
[    0.035511] audit: type=2000 audit(1692255492.035:1): state=initialized audit_enabled=0 res=1
[    0.036060] cpuidle: using governor menu
[    0.036080] Simple Boot Flag at 0x36 set to 0x80
[    0.036146] acpiphp: ACPI Hot Plug PCI Controller Driver version: 0.5
[    0.036376] PCI: MMCONFIG for domain 0000 [bus 00-7f] at [mem 0xf0000000-0xf7ffffff] (base 0xf0000000)
[    0.036516] PCI: MMCONFIG at [mem 0xf0000000-0xf7ffffff] reserved in E820
[    0.036587] PCI: Using configuration type 1 for base access
[    0.038112] HugeTLB registered 1.00 GiB page size, pre-allocated 0 pages
[    0.039006] HugeTLB registered 2.00 MiB page size, pre-allocated 0 pages
[    0.040039] cryptd: max_cpu_qlen set to 1000
[    0.041462] ACPI: Added _OSI(Module Device)
[    0.041541] ACPI: Added _OSI(Processor Device)
[    0.041576] ACPI: Added _OSI(3.0 _SCP Extensions)
[    0.041617] ACPI: Added _OSI(Processor Aggregator Device)
[    0.041665] ACPI: Added _OSI(Linux-Dell-Video)
[    0.041705] ACPI: Added _OSI(Linux-Lenovo-NV-HDMI-Audio)
[    0.041744] ACPI: Added _OSI(Linux-HPI-Hybrid-Graphics)
[    0.048672] ACPI: 1 ACPI AML tables successfully acquired and loaded
[    0.050659] ACPI: [Firmware Bug]: BIOS _OSI(Linux) query ignored
[    0.064000] ACPI: Interpreter enabled
[    0.064000] ACPI: PM: (supports S0 S1 S4 S5)
[    0.064000] ACPI: Using IOAPIC for interrupt routing
[    0.064000] PCI: Using host bridge windows from ACPI; if necessary, use "pci=nocrs" and report a bug
[    0.065340] ACPI: Enabled 4 GPEs in block 00 to 0F
[    0.211536] ACPI: PCI Root Bridge [PCI0] (domain 0000 [bus 00-7f])
[    0.211596] acpi PNP0A03:00: _OSC: OS supports [ExtendedConfig ASPM ClockPM Segments MSI EDR HPX-Type3]
[    0.211742] acpi PNP0A03:00: _OSC: platform does not support [AER LTR DPC]
[    0.211986] acpi PNP0A03:00: _OSC: OS now controls [PCIeHotplug SHPCHotplug PME PCIeCapability]
[    0.213656] PCI host bridge to bus 0000:00
[    0.213692] pci_bus 0000:00: root bus resource [mem 0x000a0000-0x000bffff window]
[    0.213810] pci_bus 0000:00: root bus resource [mem 0x000cc000-0x000cffff window]
[    0.213864] pci_bus 0000:00: root bus resource [mem 0x000d0000-0x000d3fff window]
[    0.213917] pci_bus 0000:00: root bus resource [mem 0x000d4000-0x000d7fff window]
[    0.213970] pci_bus 0000:00: root bus resource [mem 0x000d8000-0x000dbfff window]
[    0.214000] pci_bus 0000:00: root bus resource [mem 0xc0000000-0xfebfffff window]
[    0.214000] pci_bus 0000:00: root bus resource [io  0x0000-0x0cf7 window]
[    0.214000] pci_bus 0000:00: root bus resource [io  0x0d00-0xfeff window]
[    0.214000] pci_bus 0000:00: root bus resource [bus 00-7f]
[    0.214119] pci 0000:00:00.0: [8086:7190] type 00 class 0x060000
[    0.214827] pci 0000:00:01.0: [8086:7191] type 01 class 0x060400
[    0.215437] pci 0000:00:07.0: [8086:7110] type 00 class 0x060100
[    0.216274] pci 0000:00:07.1: [8086:7111] type 00 class 0x01018a
[    0.217681] pci 0000:00:07.1: reg 0x20: [io  0x1060-0x106f]
[    0.218154] pci 0000:00:07.1: legacy IDE quirk: reg 0x10: [io  0x01f0-0x01f7]
[    0.218206] pci 0000:00:07.1: legacy IDE quirk: reg 0x14: [io  0x03f6]
[    0.218251] pci 0000:00:07.1: legacy IDE quirk: reg 0x18: [io  0x0170-0x0177]
[    0.218302] pci 0000:00:07.1: legacy IDE quirk: reg 0x1c: [io  0x0376]
[    0.218984] pci 0000:00:07.3: [8086:7113] type 00 class 0x068000
[    0.220356] pci 0000:00:07.3: quirk: [io  0x1000-0x103f] claimed by PIIX4 ACPI
[    0.220423] pci 0000:00:07.3: quirk: [io  0x1040-0x104f] claimed by PIIX4 SMB
[    0.220791] pci 0000:00:07.7: [15ad:0740] type 00 class 0x088000
[    0.221309] pci 0000:00:07.7: reg 0x10: [io  0x1080-0x10bf]
[    0.221767] pci 0000:00:07.7: reg 0x14: [mem 0xfebfe000-0xfebfffff 64bit]
[    0.223914] pci 0000:00:0f.0: [15ad:0405] type 00 class 0x030000
[    0.225771] pci 0000:00:0f.0: reg 0x10: [io  0x1070-0x107f]
[    0.226682] pci 0000:00:0f.0: reg 0x14: [mem 0xe8000000-0xefffffff pref]
[    0.227861] pci 0000:00:0f.0: reg 0x18: [mem 0xfe000000-0xfe7fffff]
[    0.231675] pci 0000:00:0f.0: reg 0x30: [mem 0x00000000-0x00007fff pref]
[    0.232239] pci 0000:00:10.0: [1000:0030] type 00 class 0x010000
[    0.232983] pci 0000:00:10.0: reg 0x10: [io  0x1400-0x14ff]
[    0.233651] pci 0000:00:10.0: reg 0x14: [mem 0xfeba0000-0xfebbffff 64bit]
[    0.234336] pci 0000:00:10.0: reg 0x1c: [mem 0xfebc0000-0xfebdffff 64bit]
[    0.235338] pci 0000:00:10.0: reg 0x30: [mem 0x00000000-0x00003fff pref]
[    0.235855] pci 0000:00:11.0: [15ad:0790] type 01 class 0x060401
[    0.237034] pci 0000:00:15.0: [15ad:07a0] type 01 class 0x060400
[    0.238052] pci 0000:00:15.0: PME# supported from D0 D3hot D3cold
[    0.238539] pci 0000:00:15.1: [15ad:07a0] type 01 class 0x060400
[    0.239455] pci 0000:00:15.1: PME# supported from D0 D3hot D3cold
[    0.239972] pci 0000:00:15.2: [15ad:07a0] type 01 class 0x060400
[    0.240794] pci 0000:00:15.2: PME# supported from D0 D3hot D3cold
[    0.241344] pci 0000:00:15.3: [15ad:07a0] type 01 class 0x060400
[    0.242258] pci 0000:00:15.3: PME# supported from D0 D3hot D3cold
[    0.242703] pci 0000:00:15.4: [15ad:07a0] type 01 class 0x060400
[    0.243623] pci 0000:00:15.4: PME# supported from D0 D3hot D3cold
[    0.244129] pci 0000:00:15.5: [15ad:07a0] type 01 class 0x060400
[    0.245041] pci 0000:00:15.5: PME# supported from D0 D3hot D3cold
[    0.245490] pci 0000:00:15.6: [15ad:07a0] type 01 class 0x060400
[    0.246405] pci 0000:00:15.6: PME# supported from D0 D3hot D3cold
[    0.246922] pci 0000:00:15.7: [15ad:07a0] type 01 class 0x060400
[    0.247811] pci 0000:00:15.7: PME# supported from D0 D3hot D3cold
[    0.248275] pci 0000:00:16.0: [15ad:07a0] type 01 class 0x060400
[    0.249422] pci 0000:00:16.0: PME# supported from D0 D3hot D3cold
[    0.249948] pci 0000:00:16.1: [15ad:07a0] type 01 class 0x060400
[    0.250901] pci 0000:00:16.1: PME# supported from D0 D3hot D3cold
[    0.251351] pci 0000:00:16.2: [15ad:07a0] type 01 class 0x060400
[    0.252305] pci 0000:00:16.2: PME# supported from D0 D3hot D3cold
[    0.252945] pci 0000:00:16.3: [15ad:07a0] type 01 class 0x060400
[    0.254081] pci 0000:00:16.3: PME# supported from D0 D3hot D3cold
[    0.254740] pci 0000:00:16.4: [15ad:07a0] type 01 class 0x060400
[    0.255646] pci 0000:00:16.4: PME# supported from D0 D3hot D3cold
[    0.256139] pci 0000:00:16.5: [15ad:07a0] type 01 class 0x060400
[    0.257060] pci 0000:00:16.5: PME# supported from D0 D3hot D3cold
[    0.257507] pci 0000:00:16.6: [15ad:07a0] type 01 class 0x060400
[    0.258434] pci 0000:00:16.6: PME# supported from D0 D3hot D3cold
[    0.258957] pci 0000:00:16.7: [15ad:07a0] type 01 class 0x060400
[    0.259903] pci 0000:00:16.7: PME# supported from D0 D3hot D3cold
[    0.260343] pci 0000:00:17.0: [15ad:07a0] type 01 class 0x060400
[    0.261239] pci 0000:00:17.0: PME# supported from D0 D3hot D3cold
[    0.261769] pci 0000:00:17.1: [15ad:07a0] type 01 class 0x060400
[    0.262675] pci 0000:00:17.1: PME# supported from D0 D3hot D3cold
[    0.263119] pci 0000:00:17.2: [15ad:07a0] type 01 class 0x060400
[    0.264064] pci 0000:00:17.2: PME# supported from D0 D3hot D3cold
[    0.264584] pci 0000:00:17.3: [15ad:07a0] type 01 class 0x060400
[    0.265470] pci 0000:00:17.3: PME# supported from D0 D3hot D3cold
[    0.266000] pci 0000:00:17.4: [15ad:07a0] type 01 class 0x060400
[    0.266871] pci 0000:00:17.4: PME# supported from D0 D3hot D3cold
[    0.267310] pci 0000:00:17.5: [15ad:07a0] type 01 class 0x060400
[    0.268220] pci 0000:00:17.5: PME# supported from D0 D3hot D3cold
[    0.268768] pci 0000:00:17.6: [15ad:07a0] type 01 class 0x060400
[    0.269951] pci 0000:00:17.6: PME# supported from D0 D3hot D3cold
[    0.270547] pci 0000:00:17.7: [15ad:07a0] type 01 class 0x060400
[    0.271730] pci 0000:00:17.7: PME# supported from D0 D3hot D3cold
[    0.272232] pci 0000:00:18.0: [15ad:07a0] type 01 class 0x060400
[    0.273263] pci 0000:00:18.0: PME# supported from D0 D3hot D3cold
[    0.273817] pci 0000:00:18.1: [15ad:07a0] type 01 class 0x060400
[    0.274742] pci 0000:00:18.1: PME# supported from D0 D3hot D3cold
[    0.275188] pci 0000:00:18.2: [15ad:07a0] type 01 class 0x060400
[    0.276098] pci 0000:00:18.2: PME# supported from D0 D3hot D3cold
[    0.276616] pci 0000:00:18.3: [15ad:07a0] type 01 class 0x060400
[    0.277567] pci 0000:00:18.3: PME# supported from D0 D3hot D3cold
[    0.278023] pci 0000:00:18.4: [15ad:07a0] type 01 class 0x060400
[    0.278959] pci 0000:00:18.4: PME# supported from D0 D3hot D3cold
[    0.279466] pci 0000:00:18.5: [15ad:07a0] type 01 class 0x060400
[    0.280591] pci 0000:00:18.5: PME# supported from D0 D3hot D3cold
[    0.281645] pci 0000:00:18.6: [15ad:07a0] type 01 class 0x060400
[    0.282669] pci 0000:00:18.6: PME# supported from D0 D3hot D3cold
[    0.283167] pci 0000:00:18.7: [15ad:07a0] type 01 class 0x060400
[    0.284063] pci 0000:00:18.7: PME# supported from D0 D3hot D3cold
[    0.284579] pci_bus 0000:01: extended config space not accessible
[    0.284699] pci 0000:00:01.0: PCI bridge to [bus 01]
[    0.284958] pci_bus 0000:02: extended config space not accessible
[    0.285239] acpiphp: Slot [32] registered
[    0.285340] acpiphp: Slot [33] registered
[    0.285411] acpiphp: Slot [34] registered
[    0.285463] acpiphp: Slot [35] registered
[    0.285515] acpiphp: Slot [36] registered
[    0.285572] acpiphp: Slot [37] registered
[    0.285625] acpiphp: Slot [38] registered
[    0.285677] acpiphp: Slot [39] registered
[    0.285731] acpiphp: Slot [40] registered
[    0.285824] acpiphp: Slot [41] registered
[    0.285875] acpiphp: Slot [42] registered
[    0.285931] acpiphp: Slot [43] registered
[    0.285984] acpiphp: Slot [44] registered
[    0.286026] acpiphp: Slot [45] registered
[    0.286104] acpiphp: Slot [46] registered
[    0.286157] acpiphp: Slot [47] registered
[    0.286208] acpiphp: Slot [48] registered
[    0.286264] acpiphp: Slot [49] registered
[    0.286316] acpiphp: Slot [50] registered
[    0.286371] acpiphp: Slot [51] registered
[    0.286422] acpiphp: Slot [52] registered
[    0.286473] acpiphp: Slot [53] registered
[    0.286524] acpiphp: Slot [54] registered
[    0.286579] acpiphp: Slot [55] registered
[    0.286634] acpiphp: Slot [56] registered
[    0.286687] acpiphp: Slot [57] registered
[    0.286738] acpiphp: Slot [58] registered
[    0.286795] acpiphp: Slot [59] registered
[    0.286899] acpiphp: Slot [60] registered
[    0.287010] acpiphp: Slot [61] registered
[    0.287089] acpiphp: Slot [62] registered
[    0.287142] acpiphp: Slot [63] registered
[    0.287261] pci 0000:02:00.0: [15ad:0774] type 00 class 0x0c0300
[    0.288473] pci 0000:02:00.0: reg 0x20: [io  0x2080-0x209f]
[    0.289835] pci 0000:02:01.0: [8086:100f] type 00 class 0x020000
[    0.290349] pci 0000:02:01.0: reg 0x10: [mem 0xfd5c0000-0xfd5dffff 64bit]
[    0.291003] pci 0000:02:01.0: reg 0x18: [mem 0xfdff0000-0xfdffffff 64bit]
[    0.291682] pci 0000:02:01.0: reg 0x20: [io  0x2000-0x203f]
[    0.292916] pci 0000:02:01.0: reg 0x30: [mem 0x00000000-0x0000ffff pref]
[    0.293315] pci 0000:02:01.0: PME# supported from D0 D3hot D3cold
[    0.293994] pci 0000:02:02.0: [1274:1371] type 00 class 0x040100
[    0.294309] pci 0000:02:02.0: reg 0x10: [io  0x2040-0x207f]
[    0.296287] pci 0000:02:03.0: [15ad:0770] type 00 class 0x0c0320
[    0.296679] pci 0000:02:03.0: reg 0x10: [mem 0xfd5ef000-0xfd5effff]
[    0.299358] pci 0000:00:11.0: PCI bridge to [bus 02] (subtractive decode)
[    0.299430] pci 0000:00:11.0:   bridge window [io  0x2000-0x3fff]
[    0.299495] pci 0000:00:11.0:   bridge window [mem 0xfd500000-0xfdffffff]
[    0.299583] pci 0000:00:11.0:   bridge window [mem 0xe7b00000-0xe7ffffff 64bit pref]
[    0.299639] pci 0000:00:11.0:   bridge window [mem 0x000a0000-0x000bffff window] (subtractive decode)
[    0.299701] pci 0000:00:11.0:   bridge window [mem 0x000cc000-0x000cffff window] (subtractive decode)
[    0.299792] pci 0000:00:11.0:   bridge window [mem 0x000d0000-0x000d3fff window] (subtractive decode)
[    0.299872] pci 0000:00:11.0:   bridge window [mem 0x000d4000-0x000d7fff window] (subtractive decode)
[    0.299935] pci 0000:00:11.0:   bridge window [mem 0x000d8000-0x000dbfff window] (subtractive decode)
[    0.299998] pci 0000:00:11.0:   bridge window [mem 0xc0000000-0xfebfffff window] (subtractive decode)
[    0.300000] pci 0000:00:11.0:   bridge window [io  0x0000-0x0cf7 window] (subtractive decode)
[    0.300000] pci 0000:00:11.0:   bridge window [io  0x0d00-0xfeff window] (subtractive decode)
[    0.300310] pci 0000:00:15.0: PCI bridge to [bus 03]
[    0.300391] pci 0000:00:15.0:   bridge window [io  0x4000-0x4fff]
[    0.300493] pci 0000:00:15.0:   bridge window [mem 0xfd400000-0xfd4fffff]
[    0.300648] pci 0000:00:15.0:   bridge window [mem 0xe7a00000-0xe7afffff 64bit pref]
[    0.301061] pci 0000:00:15.1: PCI bridge to [bus 04]
[    0.301152] pci 0000:00:15.1:   bridge window [io  0x8000-0x8fff]
[    0.301273] pci 0000:00:15.1:   bridge window [mem 0xfd000000-0xfd0fffff]
[    0.301359] pci 0000:00:15.1:   bridge window [mem 0xe7600000-0xe76fffff 64bit pref]
[    0.301864] pci 0000:00:15.2: PCI bridge to [bus 05]
[    0.301938] pci 0000:00:15.2:   bridge window [io  0xc000-0xcfff]
[    0.302000] pci 0000:00:15.2:   bridge window [mem 0xfcc00000-0xfccfffff]
[    0.302031] pci 0000:00:15.2:   bridge window [mem 0xe7200000-0xe72fffff 64bit pref]
[    0.302381] pci 0000:00:15.3: PCI bridge to [bus 06]
[    0.302504] pci 0000:00:15.3:   bridge window [mem 0xfc800000-0xfc8fffff]
[    0.302620] pci 0000:00:15.3:   bridge window [mem 0xe6e00000-0xe6efffff 64bit pref]
[    0.302981] pci 0000:00:15.4: PCI bridge to [bus 07]
[    0.303032] pci 0000:00:15.4:   bridge window [mem 0xfc400000-0xfc4fffff]
[    0.303117] pci 0000:00:15.4:   bridge window [mem 0xe6a00000-0xe6afffff 64bit pref]
[    0.303532] pci 0000:00:15.5: PCI bridge to [bus 08]
[    0.303623] pci 0000:00:15.5:   bridge window [mem 0xfc000000-0xfc0fffff]
[    0.303708] pci 0000:00:15.5:   bridge window [mem 0xe6600000-0xe66fffff 64bit pref]
[    0.304051] pci 0000:00:15.6: PCI bridge to [bus 09]
[    0.304161] pci 0000:00:15.6:   bridge window [mem 0xfbc00000-0xfbcfffff]
[    0.304246] pci 0000:00:15.6:   bridge window [mem 0xe6200000-0xe62fffff 64bit pref]
[    0.304784] pci 0000:00:15.7: PCI bridge to [bus 0a]
[    0.304863] pci 0000:00:15.7:   bridge window [mem 0xfb800000-0xfb8fffff]
[    0.304950] pci 0000:00:15.7:   bridge window [mem 0xe5e00000-0xe5efffff 64bit pref]
[    0.305286] pci 0000:00:16.0: PCI bridge to [bus 0b]
[    0.305347] pci 0000:00:16.0:   bridge window [io  0x5000-0x5fff]
[    0.305473] pci 0000:00:16.0:   bridge window [mem 0xfd300000-0xfd3fffff]
[    0.305585] pci 0000:00:16.0:   bridge window [mem 0xe7900000-0xe79fffff 64bit pref]
[    0.305962] pci 0000:00:16.1: PCI bridge to [bus 0c]
[    0.306013] pci 0000:00:16.1:   bridge window [io  0x9000-0x9fff]
[    0.306077] pci 0000:00:16.1:   bridge window [mem 0xfcf00000-0xfcffffff]
[    0.306165] pci 0000:00:16.1:   bridge window [mem 0xe7500000-0xe75fffff 64bit pref]
[    0.306588] pci 0000:00:16.2: PCI bridge to [bus 0d]
[    0.306647] pci 0000:00:16.2:   bridge window [io  0xd000-0xdfff]
[    0.306709] pci 0000:00:16.2:   bridge window [mem 0xfcb00000-0xfcbfffff]
[    0.306794] pci 0000:00:16.2:   bridge window [mem 0xe7100000-0xe71fffff 64bit pref]
[    0.307137] pci 0000:00:16.3: PCI bridge to [bus 0e]
[    0.307213] pci 0000:00:16.3:   bridge window [mem 0xfc700000-0xfc7fffff]
[    0.307298] pci 0000:00:16.3:   bridge window [mem 0xe6d00000-0xe6dfffff 64bit pref]
[    0.307742] pci 0000:00:16.4: PCI bridge to [bus 0f]
[    0.307819] pci 0000:00:16.4:   bridge window [mem 0xfc300000-0xfc3fffff]
[    0.307904] pci 0000:00:16.4:   bridge window [mem 0xe6900000-0xe69fffff 64bit pref]
[    0.308255] pci 0000:00:16.5: PCI bridge to [bus 10]
[    0.308379] pci 0000:00:16.5:   bridge window [mem 0xfbf00000-0xfbffffff]
[    0.308493] pci 0000:00:16.5:   bridge window [mem 0xe6500000-0xe65fffff 64bit pref]
[    0.308838] pci 0000:00:16.6: PCI bridge to [bus 11]
[    0.308915] pci 0000:00:16.6:   bridge window [mem 0xfbb00000-0xfbbfffff]
[    0.309000] pci 0000:00:16.6:   bridge window [mem 0xe6100000-0xe61fffff 64bit pref]
[    0.309350] pci 0000:00:16.7: PCI bridge to [bus 12]
[    0.309441] pci 0000:00:16.7:   bridge window [mem 0xfb700000-0xfb7fffff]
[    0.309526] pci 0000:00:16.7:   bridge window [mem 0xe5d00000-0xe5dfffff 64bit pref]
[    0.309875] pci 0000:00:17.0: PCI bridge to [bus 13]
[    0.309933] pci 0000:00:17.0:   bridge window [io  0x6000-0x6fff]
[    0.309996] pci 0000:00:17.0:   bridge window [mem 0xfd200000-0xfd2fffff]
[    0.310030] pci 0000:00:17.0:   bridge window [mem 0xe7800000-0xe78fffff 64bit pref]
[    0.310448] pci 0000:00:17.1: PCI bridge to [bus 14]
[    0.310506] pci 0000:00:17.1:   bridge window [io  0xa000-0xafff]
[    0.310568] pci 0000:00:17.1:   bridge window [mem 0xfce00000-0xfcefffff]
[    0.310653] pci 0000:00:17.1:   bridge window [mem 0xe7400000-0xe74fffff 64bit pref]
[    0.311000] pci 0000:00:17.2: PCI bridge to [bus 15]
[    0.311011] pci 0000:00:17.2:   bridge window [io  0xe000-0xefff]
[    0.311074] pci 0000:00:17.2:   bridge window [mem 0xfca00000-0xfcafffff]
[    0.311214] pci 0000:00:17.2:   bridge window [mem 0xe7000000-0xe70fffff 64bit pref]
[    0.311726] pci 0000:00:17.3: PCI bridge to [bus 16]
[    0.311825] pci 0000:00:17.3:   bridge window [mem 0xfc600000-0xfc6fffff]
[    0.311980] pci 0000:00:17.3:   bridge window [mem 0xe6c00000-0xe6cfffff 64bit pref]
[    0.312335] pci 0000:00:17.4: PCI bridge to [bus 17]
[    0.312413] pci 0000:00:17.4:   bridge window [mem 0xfc200000-0xfc2fffff]
[    0.312498] pci 0000:00:17.4:   bridge window [mem 0xe6800000-0xe68fffff 64bit pref]
[    0.312847] pci 0000:00:17.5: PCI bridge to [bus 18]
[    0.312923] pci 0000:00:17.5:   bridge window [mem 0xfbe00000-0xfbefffff]
[    0.313002] pci 0000:00:17.5:   bridge window [mem 0xe6400000-0xe64fffff 64bit pref]
[    0.313427] pci 0000:00:17.6: PCI bridge to [bus 19]
[    0.313504] pci 0000:00:17.6:   bridge window [mem 0xfba00000-0xfbafffff]
[    0.313589] pci 0000:00:17.6:   bridge window [mem 0xe6000000-0xe60fffff 64bit pref]
[    0.313940] pci 0000:00:17.7: PCI bridge to [bus 1a]
[    0.314012] pci 0000:00:17.7:   bridge window [mem 0xfb600000-0xfb6fffff]
[    0.314127] pci 0000:00:17.7:   bridge window [mem 0xe5c00000-0xe5cfffff 64bit pref]
[    0.314478] pci 0000:00:18.0: PCI bridge to [bus 1b]
[    0.314536] pci 0000:00:18.0:   bridge window [io  0x7000-0x7fff]
[    0.314598] pci 0000:00:18.0:   bridge window [mem 0xfd100000-0xfd1fffff]
[    0.314683] pci 0000:00:18.0:   bridge window [mem 0xe7700000-0xe77fffff 64bit pref]
[    0.315101] pci 0000:00:18.1: PCI bridge to [bus 1c]
[    0.315159] pci 0000:00:18.1:   bridge window [io  0xb000-0xbfff]
[    0.315222] pci 0000:00:18.1:   bridge window [mem 0xfcd00000-0xfcdfffff]
[    0.315306] pci 0000:00:18.1:   bridge window [mem 0xe7300000-0xe73fffff 64bit pref]
[    0.315698] pci 0000:00:18.2: PCI bridge to [bus 1d]
[    0.315777] pci 0000:00:18.2:   bridge window [mem 0xfc900000-0xfc9fffff]
[    0.315864] pci 0000:00:18.2:   bridge window [mem 0xe6f00000-0xe6ffffff 64bit pref]
[    0.316254] pci 0000:00:18.3: PCI bridge to [bus 1e]
[    0.316333] pci 0000:00:18.3:   bridge window [mem 0xfc500000-0xfc5fffff]
[    0.316420] pci 0000:00:18.3:   bridge window [mem 0xe6b00000-0xe6bfffff 64bit pref]
[    0.316992] pci 0000:00:18.4: PCI bridge to [bus 1f]
[    0.317033] pci 0000:00:18.4:   bridge window [mem 0xfc100000-0xfc1fffff]
[    0.317124] pci 0000:00:18.4:   bridge window [mem 0xe6700000-0xe67fffff 64bit pref]
[    0.317576] pci 0000:00:18.5: PCI bridge to [bus 20]
[    0.317658] pci 0000:00:18.5:   bridge window [mem 0xfbd00000-0xfbdfffff]
[    0.317746] pci 0000:00:18.5:   bridge window [mem 0xe6300000-0xe63fffff 64bit pref]
[    0.318228] pci 0000:00:18.6: PCI bridge to [bus 21]
[    0.318355] pci 0000:00:18.6:   bridge window [mem 0xfb900000-0xfb9fffff]
[    0.318462] pci 0000:00:18.6:   bridge window [mem 0xe5f00000-0xe5ffffff 64bit pref]
[    0.318877] pci 0000:00:18.7: PCI bridge to [bus 22]
[    0.318974] pci 0000:00:18.7:   bridge window [mem 0xfb500000-0xfb5fffff]
[    0.319033] pci 0000:00:18.7:   bridge window [mem 0xe5b00000-0xe5bfffff 64bit pref]
[    0.321680] ACPI: PCI: Interrupt link LNKA configured for IRQ 9
[    0.321839] ACPI: PCI: Interrupt link LNKB configured for IRQ 11
[    0.322023] ACPI: PCI: Interrupt link LNKC configured for IRQ 10
[    0.322239] ACPI: PCI: Interrupt link LNKD configured for IRQ 7
[    0.350728] iommu: Default domain type: Passthrough
[    0.350728] SCSI subsystem initialized
[    0.350728] ACPI: bus type USB registered
[    0.350728] usbcore: registered new interface driver usbfs
[    0.350728] usbcore: registered new interface driver hub
[    0.351004] usbcore: registered new device driver usb
[    0.351004] pps_core: LinuxPPS API ver. 1 registered
[    0.351004] pps_core: Software ver. 5.3.6 - Copyright 2005-2007 Rodolfo Giometti <giometti@linux.it>
[    0.351004] PTP clock support registered
[    0.351106] EDAC MC: Ver: 3.0.0
[    0.352732] PCI: Using ACPI for IRQ routing
[    0.355000] PCI: pci_cache_line_size set to 64 bytes
[    0.355000] e820: reserve RAM buffer [mem 0x0009ec00-0x0009ffff]
[    0.355000] e820: reserve RAM buffer [mem 0xbfed0000-0xbfffffff]
[    0.355002] NetLabel: Initializing
[    0.355002] NetLabel:  domain hash size = 128
[    0.355002] NetLabel:  protocols = UNLABELED CIPSOv4 CALIPSO
[    0.355002] NetLabel:  unlabeled traffic allowed by default
[    0.356020] pci 0000:00:0f.0: vgaarb: setting as boot VGA device
[    0.356069] pci 0000:00:0f.0: vgaarb: VGA device added: decodes=io+mem,owns=io+mem,locks=none
[    0.356135] pci 0000:00:0f.0: vgaarb: bridge control possible
[    0.356176] vgaarb: loaded
[    0.356221] hpet0: at MMIO 0xfed00000, IRQs 2, 8, 0, 0, 0, 0, 0, 0, 0, 0, 0, 0, 0, 0, 0, 0
[    0.356292] hpet0: 16 comparators, 64-bit 14.318180 MHz counter
[    0.358021] clocksource: Switched to clocksource tsc-early
[    0.397465] VFS: Disk quotas dquot_6.6.0
[    0.397561] VFS: Dquot-cache hash table entries: 512 (order 0, 4096 bytes)
[    0.397758] pnp: PnP ACPI init
[    0.398005] system 00:00: [io  0x1000-0x103f] has been reserved
[    0.398121] system 00:00: [io  0x1040-0x104f] has been reserved
[    0.398198] system 00:00: [io  0x0cf0-0x0cf1] has been reserved
[    0.398246] system 00:00: Plug and Play ACPI device, IDs PNP0c02 (active)
[    0.398290] pnp 00:01: Plug and Play ACPI device, IDs PNP0b00 (active)
[    0.398305] pnp 00:02: Plug and Play ACPI device, IDs PNP0303 (active)
[    0.398324] pnp 00:03: Plug and Play ACPI device, IDs VMW0003 PNP0f13 (active)
[    0.398488] system 00:04: [mem 0xfed00000-0xfed003ff] has been reserved
[    0.398539] system 00:04: Plug and Play ACPI device, IDs PNP0103 PNP0c01 (active)
[    0.399852] pnp 00:05: Plug and Play ACPI device, IDs PNP0501 (active)
[    0.400303] system 00:06: [io  0xfce0-0xfcff] has been reserved
[    0.400350] system 00:06: [mem 0xf0000000-0xf7ffffff] has been reserved
[    0.400396] system 00:06: [mem 0xfe800000-0xfe9fffff] has been reserved
[    0.400445] system 00:06: Plug and Play ACPI device, IDs PNP0c02 (active)
[    0.423806] pnp: PnP ACPI: found 7 devices
[    0.442159] clocksource: acpi_pm: mask: 0xffffff max_cycles: 0xffffff, max_idle_ns: 2085701024 ns
[    0.442260] pci 0000:00:15.3: bridge window [io  0x1000-0x0fff] to [bus 06] add_size 1000
[    0.442324] pci 0000:00:15.4: bridge window [io  0x1000-0x0fff] to [bus 07] add_size 1000
[    0.442383] pci 0000:00:15.5: bridge window [io  0x1000-0x0fff] to [bus 08] add_size 1000
[    0.442442] pci 0000:00:15.6: bridge window [io  0x1000-0x0fff] to [bus 09] add_size 1000
[    0.442501] pci 0000:00:15.7: bridge window [io  0x1000-0x0fff] to [bus 0a] add_size 1000
[    0.442560] pci 0000:00:16.3: bridge window [io  0x1000-0x0fff] to [bus 0e] add_size 1000
[    0.442618] pci 0000:00:16.4: bridge window [io  0x1000-0x0fff] to [bus 0f] add_size 1000
[    0.442676] pci 0000:00:16.5: bridge window [io  0x1000-0x0fff] to [bus 10] add_size 1000
[    0.442735] pci 0000:00:16.6: bridge window [io  0x1000-0x0fff] to [bus 11] add_size 1000
[    0.442793] pci 0000:00:16.7: bridge window [io  0x1000-0x0fff] to [bus 12] add_size 1000
[    0.442852] pci 0000:00:17.3: bridge window [io  0x1000-0x0fff] to [bus 16] add_size 1000
[    0.442910] pci 0000:00:17.4: bridge window [io  0x1000-0x0fff] to [bus 17] add_size 1000
[    0.443025] pci 0000:00:17.5: bridge window [io  0x1000-0x0fff] to [bus 18] add_size 1000
[    0.443084] pci 0000:00:17.6: bridge window [io  0x1000-0x0fff] to [bus 19] add_size 1000
[    0.443143] pci 0000:00:17.7: bridge window [io  0x1000-0x0fff] to [bus 1a] add_size 1000
[    0.443309] pci 0000:00:18.2: bridge window [io  0x1000-0x0fff] to [bus 1d] add_size 1000
[    0.443369] pci 0000:00:18.3: bridge window [io  0x1000-0x0fff] to [bus 1e] add_size 1000
[    0.443426] pci 0000:00:18.4: bridge window [io  0x1000-0x0fff] to [bus 1f] add_size 1000
[    0.443485] pci 0000:00:18.5: bridge window [io  0x1000-0x0fff] to [bus 20] add_size 1000
[    0.443544] pci 0000:00:18.6: bridge window [io  0x1000-0x0fff] to [bus 21] add_size 1000
[    0.443602] pci 0000:00:18.7: bridge window [io  0x1000-0x0fff] to [bus 22] add_size 1000
[    0.443677] pci 0000:00:0f.0: BAR 6: assigned [mem 0xc0000000-0xc0007fff pref]
[    0.443732] pci 0000:00:10.0: BAR 6: assigned [mem 0xc0008000-0xc000bfff pref]
[    0.443789] pci 0000:00:15.3: BAR 13: no space for [io  size 0x1000]
[    0.443834] pci 0000:00:15.3: BAR 13: failed to assign [io  size 0x1000]
[    0.443883] pci 0000:00:15.4: BAR 13: no space for [io  size 0x1000]
[    0.443944] pci 0000:00:15.4: BAR 13: failed to assign [io  size 0x1000]
[    0.443993] pci 0000:00:15.5: BAR 13: no space for [io  size 0x1000]
[    0.444022] pci 0000:00:15.5: BAR 13: failed to assign [io  size 0x1000]
[    0.444022] pci 0000:00:15.6: BAR 13: no space for [io  size 0x1000]
[    0.444022] pci 0000:00:15.6: BAR 13: failed to assign [io  size 0x1000]
[    0.444022] pci 0000:00:15.7: BAR 13: no space for [io  size 0x1000]
[    0.444022] pci 0000:00:15.7: BAR 13: failed to assign [io  size 0x1000]
[    0.444022] pci 0000:00:16.3: BAR 13: no space for [io  size 0x1000]
[    0.444022] pci 0000:00:16.3: BAR 13: failed to assign [io  size 0x1000]
[    0.444022] pci 0000:00:16.4: BAR 13: no space for [io  size 0x1000]
[    0.444022] pci 0000:00:16.4: BAR 13: failed to assign [io  size 0x1000]
[    0.444022] pci 0000:00:16.5: BAR 13: no space for [io  size 0x1000]
[    0.444022] pci 0000:00:16.5: BAR 13: failed to assign [io  size 0x1000]
[    0.444022] pci 0000:00:16.6: BAR 13: no space for [io  size 0x1000]
[    0.444022] pci 0000:00:16.6: BAR 13: failed to assign [io  size 0x1000]
[    0.444022] pci 0000:00:16.7: BAR 13: no space for [io  size 0x1000]
[    0.444022] pci 0000:00:16.7: BAR 13: failed to assign [io  size 0x1000]
[    0.444775] pci 0000:00:17.3: BAR 13: no space for [io  size 0x1000]
[    0.444823] pci 0000:00:17.3: BAR 13: failed to assign [io  size 0x1000]
[    0.444870] pci 0000:00:17.4: BAR 13: no space for [io  size 0x1000]
[    0.444961] pci 0000:00:17.4: BAR 13: failed to assign [io  size 0x1000]
[    0.445032] pci 0000:00:17.5: BAR 13: no space for [io  size 0x1000]
[    0.445078] pci 0000:00:17.5: BAR 13: failed to assign [io  size 0x1000]
[    0.445126] pci 0000:00:17.6: BAR 13: no space for [io  size 0x1000]
[    0.445171] pci 0000:00:17.6: BAR 13: failed to assign [io  size 0x1000]
[    0.445219] pci 0000:00:17.7: BAR 13: no space for [io  size 0x1000]
[    0.445264] pci 0000:00:17.7: BAR 13: failed to assign [io  size 0x1000]
[    0.445312] pci 0000:00:18.2: BAR 13: no space for [io  size 0x1000]
[    0.445358] pci 0000:00:18.2: BAR 13: failed to assign [io  size 0x1000]
[    0.445412] pci 0000:00:18.3: BAR 13: no space for [io  size 0x1000]
[    0.445457] pci 0000:00:18.3: BAR 13: failed to assign [io  size 0x1000]
[    0.445505] pci 0000:00:18.4: BAR 13: no space for [io  size 0x1000]
[    0.445551] pci 0000:00:18.4: BAR 13: failed to assign [io  size 0x1000]
[    0.445600] pci 0000:00:18.5: BAR 13: no space for [io  size 0x1000]
[    0.445644] pci 0000:00:18.5: BAR 13: failed to assign [io  size 0x1000]
[    0.445692] pci 0000:00:18.6: BAR 13: no space for [io  size 0x1000]
[    0.445738] pci 0000:00:18.6: BAR 13: failed to assign [io  size 0x1000]
[    0.445770] pci 0000:00:18.7: BAR 13: no space for [io  size 0x1000]
[    0.445770] pci 0000:00:18.7: BAR 13: failed to assign [io  size 0x1000]
[    0.446018] pci 0000:00:18.7: BAR 13: no space for [io  size 0x1000]
[    0.446097] pci 0000:00:18.7: BAR 13: failed to assign [io  size 0x1000]
[    0.446159] pci 0000:00:18.6: BAR 13: no space for [io  size 0x1000]
[    0.446240] pci 0000:00:18.6: BAR 13: failed to assign [io  size 0x1000]
[    0.446437] pci 0000:00:18.5: BAR 13: no space for [io  size 0x1000]
[    0.446611] pci 0000:00:18.5: BAR 13: failed to assign [io  size 0x1000]
[    0.446784] pci 0000:00:18.4: BAR 13: no space for [io  size 0x1000]
[    0.446856] pci 0000:00:18.4: BAR 13: failed to assign [io  size 0x1000]
[    0.446975] pci 0000:00:18.3: BAR 13: no space for [io  size 0x1000]
[    0.447047] pci 0000:00:18.3: BAR 13: failed to assign [io  size 0x1000]
[    0.447106] pci 0000:00:18.2: BAR 13: no space for [io  size 0x1000]
[    0.447220] pci 0000:00:18.2: BAR 13: failed to assign [io  size 0x1000]
[    0.447298] pci 0000:00:17.7: BAR 13: no space for [io  size 0x1000]
[    0.447359] pci 0000:00:17.7: BAR 13: failed to assign [io  size 0x1000]
[    0.447460] pci 0000:00:17.6: BAR 13: no space for [io  size 0x1000]
[    0.447516] pci 0000:00:17.6: BAR 13: failed to assign [io  size 0x1000]
[    0.447575] pci 0000:00:17.5: BAR 13: no space for [io  size 0x1000]
[    0.447630] pci 0000:00:17.5: BAR 13: failed to assign [io  size 0x1000]
[    0.447693] pci 0000:00:17.4: BAR 13: no space for [io  size 0x1000]
[    0.447753] pci 0000:00:17.4: BAR 13: failed to assign [io  size 0x1000]
[    0.447821] pci 0000:00:17.3: BAR 13: no space for [io  size 0x1000]
[    0.447970] pci 0000:00:17.3: BAR 13: failed to assign [io  size 0x1000]
[    0.448022] pci 0000:00:16.7: BAR 13: no space for [io  size 0x1000]
[    0.448067] pci 0000:00:16.7: BAR 13: failed to assign [io  size 0x1000]
[    0.448116] pci 0000:00:16.6: BAR 13: no space for [io  size 0x1000]
[    0.448161] pci 0000:00:16.6: BAR 13: failed to assign [io  size 0x1000]
[    0.448208] pci 0000:00:16.5: BAR 13: no space for [io  size 0x1000]
[    0.448252] pci 0000:00:16.5: BAR 13: failed to assign [io  size 0x1000]
[    0.448299] pci 0000:00:16.4: BAR 13: no space for [io  size 0x1000]
[    0.448343] pci 0000:00:16.4: BAR 13: failed to assign [io  size 0x1000]
[    0.448389] pci 0000:00:16.3: BAR 13: no space for [io  size 0x1000]
[    0.448433] pci 0000:00:16.3: BAR 13: failed to assign [io  size 0x1000]
[    0.448480] pci 0000:00:15.7: BAR 13: no space for [io  size 0x1000]
[    0.448524] pci 0000:00:15.7: BAR 13: failed to assign [io  size 0x1000]
[    0.448572] pci 0000:00:15.6: BAR 13: no space for [io  size 0x1000]
[    0.448616] pci 0000:00:15.6: BAR 13: failed to assign [io  size 0x1000]
[    0.448663] pci 0000:00:15.5: BAR 13: no space for [io  size 0x1000]
[    0.448708] pci 0000:00:15.5: BAR 13: failed to assign [io  size 0x1000]
[    0.448755] pci 0000:00:15.4: BAR 13: no space for [io  size 0x1000]
[    0.448799] pci 0000:00:15.4: BAR 13: failed to assign [io  size 0x1000]
[    0.448848] pci 0000:00:15.3: BAR 13: no space for [io  size 0x1000]
[    0.448892] pci 0000:00:15.3: BAR 13: failed to assign [io  size 0x1000]
[    0.448995] pci 0000:00:01.0: PCI bridge to [bus 01]
[    0.449168] pci 0000:02:01.0: BAR 6: assigned [mem 0xfd500000-0xfd50ffff pref]
[    0.449224] pci 0000:00:11.0: PCI bridge to [bus 02]
[    0.449274] pci 0000:00:11.0:   bridge window [io  0x2000-0x3fff]
[    0.449352] pci 0000:00:11.0:   bridge window [mem 0xfd500000-0xfdffffff]
[    0.449420] pci 0000:00:11.0:   bridge window [mem 0xe7b00000-0xe7ffffff 64bit pref]
[    0.449517] pci 0000:00:15.0: PCI bridge to [bus 03]
[    0.449567] pci 0000:00:15.0:   bridge window [io  0x4000-0x4fff]
[    0.449641] pci 0000:00:15.0:   bridge window [mem 0xfd400000-0xfd4fffff]
[    0.449709] pci 0000:00:15.0:   bridge window [mem 0xe7a00000-0xe7afffff 64bit pref]
[    0.449836] pci 0000:00:15.1: PCI bridge to [bus 04]
[    0.449886] pci 0000:00:15.1:   bridge window [io  0x8000-0x8fff]
[    0.449970] pci 0000:00:15.1:   bridge window [mem 0xfd000000-0xfd0fffff]
[    0.450044] pci 0000:00:15.1:   bridge window [mem 0xe7600000-0xe76fffff 64bit pref]
[    0.450160] pci 0000:00:15.2: PCI bridge to [bus 05]
[    0.450210] pci 0000:00:15.2:   bridge window [io  0xc000-0xcfff]
[    0.450285] pci 0000:00:15.2:   bridge window [mem 0xfcc00000-0xfccfffff]
[    0.450353] pci 0000:00:15.2:   bridge window [mem 0xe7200000-0xe72fffff 64bit pref]
[    0.450462] pci 0000:00:15.3: PCI bridge to [bus 06]
[    0.450531] pci 0000:00:15.3:   bridge window [mem 0xfc800000-0xfc8fffff]
[    0.450599] pci 0000:00:15.3:   bridge window [mem 0xe6e00000-0xe6efffff 64bit pref]
[    0.450706] pci 0000:00:15.4: PCI bridge to [bus 07]
[    0.450776] pci 0000:00:15.4:   bridge window [mem 0xfc400000-0xfc4fffff]
[    0.450844] pci 0000:00:15.4:   bridge window [mem 0xe6a00000-0xe6afffff 64bit pref]
[    0.450992] pci 0000:00:15.5: PCI bridge to [bus 08]
[    0.451067] pci 0000:00:15.5:   bridge window [mem 0xfc000000-0xfc0fffff]
[    0.451135] pci 0000:00:15.5:   bridge window [mem 0xe6600000-0xe66fffff 64bit pref]
[    0.451242] pci 0000:00:15.6: PCI bridge to [bus 09]
[    0.451311] pci 0000:00:15.6:   bridge window [mem 0xfbc00000-0xfbcfffff]
[    0.451379] pci 0000:00:15.6:   bridge window [mem 0xe6200000-0xe62fffff 64bit pref]
[    0.451485] pci 0000:00:15.7: PCI bridge to [bus 0a]
[    0.451553] pci 0000:00:15.7:   bridge window [mem 0xfb800000-0xfb8fffff]
[    0.451621] pci 0000:00:15.7:   bridge window [mem 0xe5e00000-0xe5efffff 64bit pref]
[    0.451727] pci 0000:00:16.0: PCI bridge to [bus 0b]
[    0.451777] pci 0000:00:16.0:   bridge window [io  0x5000-0x5fff]
[    0.451851] pci 0000:00:16.0:   bridge window [mem 0xfd300000-0xfd3fffff]
[    0.451918] pci 0000:00:16.0:   bridge window [mem 0xe7900000-0xe79fffff 64bit pref]
[    0.452077] pci 0000:00:16.1: PCI bridge to [bus 0c]
[    0.452127] pci 0000:00:16.1:   bridge window [io  0x9000-0x9fff]
[    0.452202] pci 0000:00:16.1:   bridge window [mem 0xfcf00000-0xfcffffff]
[    0.452270] pci 0000:00:16.1:   bridge window [mem 0xe7500000-0xe75fffff 64bit pref]
[    0.452375] pci 0000:00:16.2: PCI bridge to [bus 0d]
[    0.452426] pci 0000:00:16.2:   bridge window [io  0xd000-0xdfff]
[    0.452500] pci 0000:00:16.2:   bridge window [mem 0xfcb00000-0xfcbfffff]
[    0.452568] pci 0000:00:16.2:   bridge window [mem 0xe7100000-0xe71fffff 64bit pref]
[    0.452675] pci 0000:00:16.3: PCI bridge to [bus 0e]
[    0.452745] pci 0000:00:16.3:   bridge window [mem 0xfc700000-0xfc7fffff]
[    0.452813] pci 0000:00:16.3:   bridge window [mem 0xe6d00000-0xe6dfffff 64bit pref]
[    0.452919] pci 0000:00:16.4: PCI bridge to [bus 0f]
[    0.452997] pci 0000:00:16.4:   bridge window [mem 0xfc300000-0xfc3fffff]
[    0.453071] pci 0000:00:16.4:   bridge window [mem 0xe6900000-0xe69fffff 64bit pref]
[    0.453178] pci 0000:00:16.5: PCI bridge to [bus 10]
[    0.453247] pci 0000:00:16.5:   bridge window [mem 0xfbf00000-0xfbffffff]
[    0.453314] pci 0000:00:16.5:   bridge window [mem 0xe6500000-0xe65fffff 64bit pref]
[    0.453420] pci 0000:00:16.6: PCI bridge to [bus 11]
[    0.453489] pci 0000:00:16.6:   bridge window [mem 0xfbb00000-0xfbbfffff]
[    0.453557] pci 0000:00:16.6:   bridge window [mem 0xe6100000-0xe61fffff 64bit pref]
[    0.453664] pci 0000:00:16.7: PCI bridge to [bus 12]
[    0.453733] pci 0000:00:16.7:   bridge window [mem 0xfb700000-0xfb7fffff]
[    0.453801] pci 0000:00:16.7:   bridge window [mem 0xe5d00000-0xe5dfffff 64bit pref]
[    0.453911] pci 0000:00:17.0: PCI bridge to [bus 13]
[    0.454118] pci 0000:00:17.0:   bridge window [io  0x6000-0x6fff]
[    0.454193] pci 0000:00:17.0:   bridge window [mem 0xfd200000-0xfd2fffff]
[    0.454261] pci 0000:00:17.0:   bridge window [mem 0xe7800000-0xe78fffff 64bit pref]
[    0.454368] pci 0000:00:17.1: PCI bridge to [bus 14]
[    0.454417] pci 0000:00:17.1:   bridge window [io  0xa000-0xafff]
[    0.454491] pci 0000:00:17.1:   bridge window [mem 0xfce00000-0xfcefffff]
[    0.454559] pci 0000:00:17.1:   bridge window [mem 0xe7400000-0xe74fffff 64bit pref]
[    0.454667] pci 0000:00:17.2: PCI bridge to [bus 15]
[    0.454716] pci 0000:00:17.2:   bridge window [io  0xe000-0xefff]
[    0.454791] pci 0000:00:17.2:   bridge window [mem 0xfca00000-0xfcafffff]
[    0.454859] pci 0000:00:17.2:   bridge window [mem 0xe7000000-0xe70fffff 64bit pref]
[    0.454967] pci 0000:00:17.3: PCI bridge to [bus 16]
[    0.455042] pci 0000:00:17.3:   bridge window [mem 0xfc600000-0xfc6fffff]
[    0.455110] pci 0000:00:17.3:   bridge window [mem 0xe6c00000-0xe6cfffff 64bit pref]
[    0.455217] pci 0000:00:17.4: PCI bridge to [bus 17]
[    0.455286] pci 0000:00:17.4:   bridge window [mem 0xfc200000-0xfc2fffff]
[    0.455354] pci 0000:00:17.4:   bridge window [mem 0xe6800000-0xe68fffff 64bit pref]
[    0.455462] pci 0000:00:17.5: PCI bridge to [bus 18]
[    0.455530] pci 0000:00:17.5:   bridge window [mem 0xfbe00000-0xfbefffff]
[    0.455599] pci 0000:00:17.5:   bridge window [mem 0xe6400000-0xe64fffff 64bit pref]
[    0.455705] pci 0000:00:17.6: PCI bridge to [bus 19]
[    0.455774] pci 0000:00:17.6:   bridge window [mem 0xfba00000-0xfbafffff]
[    0.455842] pci 0000:00:17.6:   bridge window [mem 0xe6000000-0xe60fffff 64bit pref]
[    0.455991] pci 0000:00:17.7: PCI bridge to [bus 1a]
[    0.456066] pci 0000:00:17.7:   bridge window [mem 0xfb600000-0xfb6fffff]
[    0.456135] pci 0000:00:17.7:   bridge window [mem 0xe5c00000-0xe5cfffff 64bit pref]
[    0.456241] pci 0000:00:18.0: PCI bridge to [bus 1b]
[    0.456290] pci 0000:00:18.0:   bridge window [io  0x7000-0x7fff]
[    0.456364] pci 0000:00:18.0:   bridge window [mem 0xfd100000-0xfd1fffff]
[    0.456432] pci 0000:00:18.0:   bridge window [mem 0xe7700000-0xe77fffff 64bit pref]
[    0.456538] pci 0000:00:18.1: PCI bridge to [bus 1c]
[    0.456588] pci 0000:00:18.1:   bridge window [io  0xb000-0xbfff]
[    0.456662] pci 0000:00:18.1:   bridge window [mem 0xfcd00000-0xfcdfffff]
[    0.456730] pci 0000:00:18.1:   bridge window [mem 0xe7300000-0xe73fffff 64bit pref]
[    0.456835] pci 0000:00:18.2: PCI bridge to [bus 1d]
[    0.456904] pci 0000:00:18.2:   bridge window [mem 0xfc900000-0xfc9fffff]
[    0.456982] pci 0000:00:18.2:   bridge window [mem 0xe6f00000-0xe6ffffff 64bit pref]
[    0.457094] pci 0000:00:18.3: PCI bridge to [bus 1e]
[    0.457163] pci 0000:00:18.3:   bridge window [mem 0xfc500000-0xfc5fffff]
[    0.457231] pci 0000:00:18.3:   bridge window [mem 0xe6b00000-0xe6bfffff 64bit pref]
[    0.457340] pci 0000:00:18.4: PCI bridge to [bus 1f]
[    0.457409] pci 0000:00:18.4:   bridge window [mem 0xfc100000-0xfc1fffff]
[    0.457477] pci 0000:00:18.4:   bridge window [mem 0xe6700000-0xe67fffff 64bit pref]
[    0.457582] pci 0000:00:18.5: PCI bridge to [bus 20]
[    0.457651] pci 0000:00:18.5:   bridge window [mem 0xfbd00000-0xfbdfffff]
[    0.457719] pci 0000:00:18.5:   bridge window [mem 0xe6300000-0xe63fffff 64bit pref]
[    0.457825] pci 0000:00:18.6: PCI bridge to [bus 21]
[    0.457894] pci 0000:00:18.6:   bridge window [mem 0xfb900000-0xfb9fffff]
[    0.458029] pci 0000:00:18.6:   bridge window [mem 0xe5f00000-0xe5ffffff 64bit pref]
[    0.458137] pci 0000:00:18.7: PCI bridge to [bus 22]
[    0.458207] pci 0000:00:18.7:   bridge window [mem 0xfb500000-0xfb5fffff]
[    0.458275] pci 0000:00:18.7:   bridge window [mem 0xe5b00000-0xe5bfffff 64bit pref]
[    0.458381] pci_bus 0000:00: resource 4 [mem 0x000a0000-0x000bffff window]
[    0.458431] pci_bus 0000:00: resource 5 [mem 0x000cc000-0x000cffff window]
[    0.458478] pci_bus 0000:00: resource 6 [mem 0x000d0000-0x000d3fff window]
[    0.458525] pci_bus 0000:00: resource 7 [mem 0x000d4000-0x000d7fff window]
[    0.458572] pci_bus 0000:00: resource 8 [mem 0x000d8000-0x000dbfff window]
[    0.458619] pci_bus 0000:00: resource 9 [mem 0xc0000000-0xfebfffff window]
[    0.458666] pci_bus 0000:00: resource 10 [io  0x0000-0x0cf7 window]
[    0.458710] pci_bus 0000:00: resource 11 [io  0x0d00-0xfeff window]
[    0.458755] pci_bus 0000:02: resource 0 [io  0x2000-0x3fff]
[    0.458795] pci_bus 0000:02: resource 1 [mem 0xfd500000-0xfdffffff]
[    0.458839] pci_bus 0000:02: resource 2 [mem 0xe7b00000-0xe7ffffff 64bit pref]
[    0.458891] pci_bus 0000:02: resource 4 [mem 0x000a0000-0x000bffff window]
[    0.458979] pci_bus 0000:02: resource 5 [mem 0x000cc000-0x000cffff window]
[    0.459014] pci_bus 0000:02: resource 6 [mem 0x000d0000-0x000d3fff window]
[    0.459014] pci_bus 0000:02: resource 7 [mem 0x000d4000-0x000d7fff window]
[    0.459014] pci_bus 0000:02: resource 8 [mem 0x000d8000-0x000dbfff window]
[    0.459014] pci_bus 0000:02: resource 9 [mem 0xc0000000-0xfebfffff window]
[    0.459014] pci_bus 0000:02: resource 10 [io  0x0000-0x0cf7 window]
[    0.459014] pci_bus 0000:02: resource 11 [io  0x0d00-0xfeff window]
[    0.459014] pci_bus 0000:03: resource 0 [io  0x4000-0x4fff]
[    0.459014] pci_bus 0000:03: resource 1 [mem 0xfd400000-0xfd4fffff]
[    0.459014] pci_bus 0000:03: resource 2 [mem 0xe7a00000-0xe7afffff 64bit pref]
[    0.459014] pci_bus 0000:04: resource 0 [io  0x8000-0x8fff]
[    0.459014] pci_bus 0000:04: resource 1 [mem 0xfd000000-0xfd0fffff]
[    0.459014] pci_bus 0000:04: resource 2 [mem 0xe7600000-0xe76fffff 64bit pref]
[    0.459014] pci_bus 0000:05: resource 0 [io  0xc000-0xcfff]
[    0.459014] pci_bus 0000:05: resource 1 [mem 0xfcc00000-0xfccfffff]
[    0.459014] pci_bus 0000:05: resource 2 [mem 0xe7200000-0xe72fffff 64bit pref]
[    0.459014] pci_bus 0000:06: resource 1 [mem 0xfc800000-0xfc8fffff]
[    0.459014] pci_bus 0000:06: resource 2 [mem 0xe6e00000-0xe6efffff 64bit pref]
[    0.459946] pci_bus 0000:07: resource 1 [mem 0xfc400000-0xfc4fffff]
[    0.460008] pci_bus 0000:07: resource 2 [mem 0xe6a00000-0xe6afffff 64bit pref]
[    0.460061] pci_bus 0000:08: resource 1 [mem 0xfc000000-0xfc0fffff]
[    0.460105] pci_bus 0000:08: resource 2 [mem 0xe6600000-0xe66fffff 64bit pref]
[    0.460157] pci_bus 0000:09: resource 1 [mem 0xfbc00000-0xfbcfffff]
[    0.460201] pci_bus 0000:09: resource 2 [mem 0xe6200000-0xe62fffff 64bit pref]
[    0.460253] pci_bus 0000:0a: resource 1 [mem 0xfb800000-0xfb8fffff]
[    0.460297] pci_bus 0000:0a: resource 2 [mem 0xe5e00000-0xe5efffff 64bit pref]
[    0.460349] pci_bus 0000:0b: resource 0 [io  0x5000-0x5fff]
[    0.460389] pci_bus 0000:0b: resource 1 [mem 0xfd300000-0xfd3fffff]
[    0.460434] pci_bus 0000:0b: resource 2 [mem 0xe7900000-0xe79fffff 64bit pref]
[    0.460485] pci_bus 0000:0c: resource 0 [io  0x9000-0x9fff]
[    0.460525] pci_bus 0000:0c: resource 1 [mem 0xfcf00000-0xfcffffff]
[    0.460570] pci_bus 0000:0c: resource 2 [mem 0xe7500000-0xe75fffff 64bit pref]
[    0.460622] pci_bus 0000:0d: resource 0 [io  0xd000-0xdfff]
[    0.460662] pci_bus 0000:0d: resource 1 [mem 0xfcb00000-0xfcbfffff]
[    0.460706] pci_bus 0000:0d: resource 2 [mem 0xe7100000-0xe71fffff 64bit pref]
[    0.460758] pci_bus 0000:0e: resource 1 [mem 0xfc700000-0xfc7fffff]
[    0.460802] pci_bus 0000:0e: resource 2 [mem 0xe6d00000-0xe6dfffff 64bit pref]
[    0.460854] pci_bus 0000:0f: resource 1 [mem 0xfc300000-0xfc3fffff]
[    0.460898] pci_bus 0000:0f: resource 2 [mem 0xe6900000-0xe69fffff 64bit pref]
[    0.461003] pci_bus 0000:10: resource 1 [mem 0xfbf00000-0xfbffffff]
[    0.461048] pci_bus 0000:10: resource 2 [mem 0xe6500000-0xe65fffff 64bit pref]
[    0.461100] pci_bus 0000:11: resource 1 [mem 0xfbb00000-0xfbbfffff]
[    0.461144] pci_bus 0000:11: resource 2 [mem 0xe6100000-0xe61fffff 64bit pref]
[    0.461196] pci_bus 0000:12: resource 1 [mem 0xfb700000-0xfb7fffff]
[    0.461240] pci_bus 0000:12: resource 2 [mem 0xe5d00000-0xe5dfffff 64bit pref]
[    0.461292] pci_bus 0000:13: resource 0 [io  0x6000-0x6fff]
[    0.461331] pci_bus 0000:13: resource 1 [mem 0xfd200000-0xfd2fffff]
[    0.461376] pci_bus 0000:13: resource 2 [mem 0xe7800000-0xe78fffff 64bit pref]
[    0.461427] pci_bus 0000:14: resource 0 [io  0xa000-0xafff]
[    0.461468] pci_bus 0000:14: resource 1 [mem 0xfce00000-0xfcefffff]
[    0.461511] pci_bus 0000:14: resource 2 [mem 0xe7400000-0xe74fffff 64bit pref]
[    0.461563] pci_bus 0000:15: resource 0 [io  0xe000-0xefff]
[    0.461603] pci_bus 0000:15: resource 1 [mem 0xfca00000-0xfcafffff]
[    0.461659] pci_bus 0000:15: resource 2 [mem 0xe7000000-0xe70fffff 64bit pref]
[    0.461709] pci_bus 0000:16: resource 1 [mem 0xfc600000-0xfc6fffff]
[    0.461752] pci_bus 0000:16: resource 2 [mem 0xe6c00000-0xe6cfffff 64bit pref]
[    0.461802] pci_bus 0000:17: resource 1 [mem 0xfc200000-0xfc2fffff]
[    0.461845] pci_bus 0000:17: resource 2 [mem 0xe6800000-0xe68fffff 64bit pref]
[    0.461925] pci_bus 0000:18: resource 1 [mem 0xfbe00000-0xfbefffff]
[    0.461982] pci_bus 0000:18: resource 2 [mem 0xe6400000-0xe64fffff 64bit pref]
[    0.462001] pci_bus 0000:19: resource 1 [mem 0xfba00000-0xfbafffff]
[    0.462001] pci_bus 0000:19: resource 2 [mem 0xe6000000-0xe60fffff 64bit pref]
[    0.462001] pci_bus 0000:1a: resource 1 [mem 0xfb600000-0xfb6fffff]
[    0.462001] pci_bus 0000:1a: resource 2 [mem 0xe5c00000-0xe5cfffff 64bit pref]
[    0.462001] pci_bus 0000:1b: resource 0 [io  0x7000-0x7fff]
[    0.462001] pci_bus 0000:1b: resource 1 [mem 0xfd100000-0xfd1fffff]
[    0.462001] pci_bus 0000:1b: resource 2 [mem 0xe7700000-0xe77fffff 64bit pref]
[    0.462001] pci_bus 0000:1c: resource 0 [io  0xb000-0xbfff]
[    0.462001] pci_bus 0000:1c: resource 1 [mem 0xfcd00000-0xfcdfffff]
[    0.462001] pci_bus 0000:1c: resource 2 [mem 0xe7300000-0xe73fffff 64bit pref]
[    0.462001] pci_bus 0000:1d: resource 1 [mem 0xfc900000-0xfc9fffff]
[    0.462001] pci_bus 0000:1d: resource 2 [mem 0xe6f00000-0xe6ffffff 64bit pref]
[    0.463100] pci_bus 0000:1e: resource 1 [mem 0xfc500000-0xfc5fffff]
[    0.463152] pci_bus 0000:1e: resource 2 [mem 0xe6b00000-0xe6bfffff 64bit pref]
[    0.463212] pci_bus 0000:1f: resource 1 [mem 0xfc100000-0xfc1fffff]
[    0.463264] pci_bus 0000:1f: resource 2 [mem 0xe6700000-0xe67fffff 64bit pref]
[    0.463385] pci_bus 0000:20: resource 1 [mem 0xfbd00000-0xfbdfffff]
[    0.463453] pci_bus 0000:20: resource 2 [mem 0xe6300000-0xe63fffff 64bit pref]
[    0.463513] pci_bus 0000:21: resource 1 [mem 0xfb900000-0xfb9fffff]
[    0.463567] pci_bus 0000:21: resource 2 [mem 0xe5f00000-0xe5ffffff 64bit pref]
[    0.463633] pci_bus 0000:22: resource 1 [mem 0xfb500000-0xfb5fffff]
[    0.463687] pci_bus 0000:22: resource 2 [mem 0xe5b00000-0xe5bfffff 64bit pref]
[    0.464094] NET: Registered protocol family 2
[    0.465423] IP idents hash table entries: 65536 (order: 7, 524288 bytes, vmalloc)
[    0.466998] tcp_listen_portaddr_hash hash table entries: 2048 (order: 3, 32768 bytes, vmalloc)
[    0.467170] TCP established hash table entries: 32768 (order: 6, 262144 bytes, vmalloc)
[    0.467356] TCP bind hash table entries: 32768 (order: 7, 524288 bytes, vmalloc)
[    0.467521] TCP: Hash tables configured (established 32768 bind 32768)
[    0.468739] MPTCP token hash table entries: 4096 (order: 4, 98304 bytes, vmalloc)
[    0.468821] UDP hash table entries: 2048 (order: 4, 65536 bytes, vmalloc)
[    0.469039] UDP-Lite hash table entries: 2048 (order: 4, 65536 bytes, vmalloc)
[    0.469732] NET: Registered protocol family 1
[    0.469773] NET: Registered protocol family 44
[    0.469814] pci 0000:00:00.0: Limiting direct PCI/PCI transfers
[    0.470058] pci 0000:00:0f.0: Video device with shadowed ROM at [mem 0x000c0000-0x000dffff]
[    0.471298] pci 0000:02:01.0: CLS mismatch (32 != 64), using 64 bytes
[    0.471898] Unpacking initramfs...
[    0.941564] Freeing initrd memory: 29612K
[    0.941624] PCI-DMA: Using software bounce buffering for IO (SWIOTLB)
[    0.941669] software IO TLB: mapped [mem 0x00000000af000000-0x00000000b3000000] (64MB)
[    0.941744] ACPI: bus type thunderbolt registered
[    0.974757] Initialise system trusted keyrings
[    0.974830] Key type blacklist registered
[    0.975132] workingset: timestamp_bits=36 max_order=20 bucket_order=0
[    0.978628] zbud: loaded
[    0.979771] pstore: using deflate compression
[    0.980901] Platform Keyring initialized
[    1.116964] NET: Registered protocol family 38
[    1.117024] Key type asymmetric registered
[    1.117056] Asymmetric key parser 'x509' registered
[    1.117103] Block layer SCSI generic (bsg) driver version 0.4 loaded (major 247)
[    1.117465] io scheduler mq-deadline registered
[    1.117508] io scheduler kyber registered
[    1.117600] io scheduler bfq registered
[    1.117939] atomic64_test: passed for x86-64 platform with CX8 and with SSE
[    1.118707] pcieport 0000:00:15.0: PME: Signaling with IRQ 24
[    1.118866] pcieport 0000:00:15.0: pciehp: Slot #160 AttnBtn+ PwrCtrl+ MRL- AttnInd- PwrInd- HotPlug+ Surprise- Interlock- NoCompl+ IbPresDis- LLActRep+
[    1.120250] pcieport 0000:00:15.1: PME: Signaling with IRQ 25
[    1.120378] pcieport 0000:00:15.1: pciehp: Slot #161 AttnBtn+ PwrCtrl+ MRL- AttnInd- PwrInd- HotPlug+ Surprise- Interlock- NoCompl+ IbPresDis- LLActRep+
[    1.121584] pcieport 0000:00:15.2: PME: Signaling with IRQ 26
[    1.121797] pcieport 0000:00:15.2: pciehp: Slot #162 AttnBtn+ PwrCtrl+ MRL- AttnInd- PwrInd- HotPlug+ Surprise- Interlock- NoCompl+ IbPresDis- LLActRep+
[    1.123001] pcieport 0000:00:15.3: PME: Signaling with IRQ 27
[    1.123145] pcieport 0000:00:15.3: pciehp: Slot #163 AttnBtn+ PwrCtrl+ MRL- AttnInd- PwrInd- HotPlug+ Surprise- Interlock- NoCompl+ IbPresDis- LLActRep+
[    1.124427] pcieport 0000:00:15.4: PME: Signaling with IRQ 28
[    1.124559] pcieport 0000:00:15.4: pciehp: Slot #164 AttnBtn+ PwrCtrl+ MRL- AttnInd- PwrInd- HotPlug+ Surprise- Interlock- NoCompl+ IbPresDis- LLActRep+
[    1.125877] pcieport 0000:00:15.5: PME: Signaling with IRQ 29
[    1.126019] pcieport 0000:00:15.5: pciehp: Slot #165 AttnBtn+ PwrCtrl+ MRL- AttnInd- PwrInd- HotPlug+ Surprise- Interlock- NoCompl+ IbPresDis- LLActRep+
[    1.127269] pcieport 0000:00:15.6: PME: Signaling with IRQ 30
[    1.127403] pcieport 0000:00:15.6: pciehp: Slot #166 AttnBtn+ PwrCtrl+ MRL- AttnInd- PwrInd- HotPlug+ Surprise- Interlock- NoCompl+ IbPresDis- LLActRep+
[    1.128860] pcieport 0000:00:15.7: PME: Signaling with IRQ 31
[    1.129049] pcieport 0000:00:15.7: pciehp: Slot #167 AttnBtn+ PwrCtrl+ MRL- AttnInd- PwrInd- HotPlug+ Surprise- Interlock- NoCompl+ IbPresDis- LLActRep+
[    1.130590] pcieport 0000:00:16.0: PME: Signaling with IRQ 32
[    1.130772] pcieport 0000:00:16.0: pciehp: Slot #192 AttnBtn+ PwrCtrl+ MRL- AttnInd- PwrInd- HotPlug+ Surprise- Interlock- NoCompl+ IbPresDis- LLActRep+
[    1.132077] pcieport 0000:00:16.1: PME: Signaling with IRQ 33
[    1.132215] pcieport 0000:00:16.1: pciehp: Slot #193 AttnBtn+ PwrCtrl+ MRL- AttnInd- PwrInd- HotPlug+ Surprise- Interlock- NoCompl+ IbPresDis- LLActRep+
[    1.133642] pcieport 0000:00:16.2: PME: Signaling with IRQ 34
[    1.133815] pcieport 0000:00:16.2: pciehp: Slot #194 AttnBtn+ PwrCtrl+ MRL- AttnInd- PwrInd- HotPlug+ Surprise- Interlock- NoCompl+ IbPresDis- LLActRep+
[    1.135172] pcieport 0000:00:16.3: PME: Signaling with IRQ 35
[    1.135340] pcieport 0000:00:16.3: pciehp: Slot #195 AttnBtn+ PwrCtrl+ MRL- AttnInd- PwrInd- HotPlug+ Surprise- Interlock- NoCompl+ IbPresDis- LLActRep+
[    1.137148] pcieport 0000:00:16.4: PME: Signaling with IRQ 36
[    1.137280] pcieport 0000:00:16.4: pciehp: Slot #196 AttnBtn+ PwrCtrl+ MRL- AttnInd- PwrInd- HotPlug+ Surprise- Interlock- NoCompl+ IbPresDis- LLActRep+
[    1.138490] pcieport 0000:00:16.5: PME: Signaling with IRQ 37
[    1.138669] pcieport 0000:00:16.5: pciehp: Slot #197 AttnBtn+ PwrCtrl+ MRL- AttnInd- PwrInd- HotPlug+ Surprise- Interlock- NoCompl+ IbPresDis- LLActRep+
[    1.140022] pcieport 0000:00:16.6: PME: Signaling with IRQ 38
[    1.140151] pcieport 0000:00:16.6: pciehp: Slot #198 AttnBtn+ PwrCtrl+ MRL- AttnInd- PwrInd- HotPlug+ Surprise- Interlock- NoCompl+ IbPresDis- LLActRep+
[    1.141394] pcieport 0000:00:16.7: PME: Signaling with IRQ 39
[    1.141525] pcieport 0000:00:16.7: pciehp: Slot #199 AttnBtn+ PwrCtrl+ MRL- AttnInd- PwrInd- HotPlug+ Surprise- Interlock- NoCompl+ IbPresDis- LLActRep+
[    1.142869] pcieport 0000:00:17.0: PME: Signaling with IRQ 40
[    1.143002] pcieport 0000:00:17.0: pciehp: Slot #224 AttnBtn+ PwrCtrl+ MRL- AttnInd- PwrInd- HotPlug+ Surprise- Interlock- NoCompl+ IbPresDis- LLActRep+
[    1.144235] pcieport 0000:00:17.1: PME: Signaling with IRQ 41
[    1.144377] pcieport 0000:00:17.1: pciehp: Slot #225 AttnBtn+ PwrCtrl+ MRL- AttnInd- PwrInd- HotPlug+ Surprise- Interlock- NoCompl+ IbPresDis- LLActRep+
[    1.145790] pcieport 0000:00:17.2: PME: Signaling with IRQ 42
[    1.145971] pcieport 0000:00:17.2: pciehp: Slot #226 AttnBtn+ PwrCtrl+ MRL- AttnInd- PwrInd- HotPlug+ Surprise- Interlock- NoCompl+ IbPresDis- LLActRep+
[    1.147856] pcieport 0000:00:17.3: PME: Signaling with IRQ 43
[    1.148001] pcieport 0000:00:17.3: pciehp: Slot #227 AttnBtn+ PwrCtrl+ MRL- AttnInd- PwrInd- HotPlug+ Surprise- Interlock- NoCompl+ IbPresDis- LLActRep+
[    1.149348] pcieport 0000:00:17.4: PME: Signaling with IRQ 44
[    1.149481] pcieport 0000:00:17.4: pciehp: Slot #228 AttnBtn+ PwrCtrl+ MRL- AttnInd- PwrInd- HotPlug+ Surprise- Interlock- NoCompl+ IbPresDis- LLActRep+
[    1.150899] pcieport 0000:00:17.5: PME: Signaling with IRQ 45
[    1.151051] pcieport 0000:00:17.5: pciehp: Slot #229 AttnBtn+ PwrCtrl+ MRL- AttnInd- PwrInd- HotPlug+ Surprise- Interlock- NoCompl+ IbPresDis- LLActRep+
[    1.152360] pcieport 0000:00:17.6: PME: Signaling with IRQ 46
[    1.152498] pcieport 0000:00:17.6: pciehp: Slot #230 AttnBtn+ PwrCtrl+ MRL- AttnInd- PwrInd- HotPlug+ Surprise- Interlock- NoCompl+ IbPresDis- LLActRep+
[    1.153787] pcieport 0000:00:17.7: PME: Signaling with IRQ 47
[    1.153925] pcieport 0000:00:17.7: pciehp: Slot #231 AttnBtn+ PwrCtrl+ MRL- AttnInd- PwrInd- HotPlug+ Surprise- Interlock- NoCompl+ IbPresDis- LLActRep+
[    1.155218] pcieport 0000:00:18.0: PME: Signaling with IRQ 48
[    1.155353] pcieport 0000:00:18.0: pciehp: Slot #256 AttnBtn+ PwrCtrl+ MRL- AttnInd- PwrInd- HotPlug+ Surprise- Interlock- NoCompl+ IbPresDis- LLActRep+
[    1.156650] pcieport 0000:00:18.1: PME: Signaling with IRQ 49
[    1.156788] pcieport 0000:00:18.1: pciehp: Slot #257 AttnBtn+ PwrCtrl+ MRL- AttnInd- PwrInd- HotPlug+ Surprise- Interlock- NoCompl+ IbPresDis- LLActRep+
[    1.158052] pcieport 0000:00:18.2: PME: Signaling with IRQ 50
[    1.158190] pcieport 0000:00:18.2: pciehp: Slot #258 AttnBtn+ PwrCtrl+ MRL- AttnInd- PwrInd- HotPlug+ Surprise- Interlock- NoCompl+ IbPresDis- LLActRep+
[    1.159438] pcieport 0000:00:18.3: PME: Signaling with IRQ 51
[    1.159639] pcieport 0000:00:18.3: pciehp: Slot #259 AttnBtn+ PwrCtrl+ MRL- AttnInd- PwrInd- HotPlug+ Surprise- Interlock- NoCompl+ IbPresDis- LLActRep+
[    1.160914] pcieport 0000:00:18.4: PME: Signaling with IRQ 52
[    1.161057] pcieport 0000:00:18.4: pciehp: Slot #260 AttnBtn+ PwrCtrl+ MRL- AttnInd- PwrInd- HotPlug+ Surprise- Interlock- NoCompl+ IbPresDis- LLActRep+
[    1.162440] pcieport 0000:00:18.5: PME: Signaling with IRQ 53
[    1.162774] pcieport 0000:00:18.5: pciehp: Slot #261 AttnBtn+ PwrCtrl+ MRL- AttnInd- PwrInd- HotPlug+ Surprise- Interlock- NoCompl+ IbPresDis- LLActRep+
[    1.164378] pcieport 0000:00:18.6: PME: Signaling with IRQ 54
[    1.164559] pcieport 0000:00:18.6: pciehp: Slot #262 AttnBtn+ PwrCtrl+ MRL- AttnInd- PwrInd- HotPlug+ Surprise- Interlock- NoCompl+ IbPresDis- LLActRep+
[    1.166024] pcieport 0000:00:18.7: PME: Signaling with IRQ 55
[    1.166157] pcieport 0000:00:18.7: pciehp: Slot #263 AttnBtn+ PwrCtrl+ MRL- AttnInd- PwrInd- HotPlug+ Surprise- Interlock- NoCompl+ IbPresDis- LLActRep+
[    1.166960] shpchp: Standard Hot Plug PCI Controller Driver version: 0.4
[    1.167608] ACPI: AC Adapter [ACAD] (on-line)
[    1.167822] input: Power Button as /devices/LNXSYSTM:00/LNXPWRBN:00/input/input0
[    1.167935] ACPI: Power Button [PWRF]
[    1.170249] Serial: 8250/16550 driver, 4 ports, IRQ sharing enabled
[    1.194022] 00:05: ttyS0 at I/O 0x3f8 (irq = 4, base_baud = 115200) is a 16550A
[    1.196452] Non-volatile memory driver v1.3
[    1.197276] rdac: device handler registered
[    1.197474] hp_sw: device handler registered
[    1.197527] emc: device handler registered
[    1.197935] alua: device handler registered
[    1.198075] libphy: Fixed MDIO Bus: probed
[    1.198325] ehci_hcd: USB 2.0 'Enhanced' Host Controller (EHCI) Driver
[    1.198376] ehci-pci: EHCI PCI platform driver
[    1.198842] ehci-pci 0000:02:03.0: EHCI Host Controller
[    1.199087] ehci-pci 0000:02:03.0: new USB bus registered, assigned bus number 1
[    1.199435] ehci-pci 0000:02:03.0: irq 17, io mem 0xfd5ef000
[    1.206461] ehci-pci 0000:02:03.0: USB 2.0 started, EHCI 1.00
[    1.206605] usb usb1: New USB device found, idVendor=1d6b, idProduct=0002, bcdDevice= 4.18
[    1.206690] usb usb1: New USB device strings: Mfr=3, Product=2, SerialNumber=1
[    1.206763] usb usb1: Product: EHCI Host Controller
[    1.206814] usb usb1: Manufacturer: Linux 4.18.0-408.el8.x86_64 ehci_hcd
[    1.207066] usb usb1: SerialNumber: 0000:02:03.0
[    1.207415] hub 1-0:1.0: USB hub found
[    1.207487] hub 1-0:1.0: 6 ports detected
[    1.207693] ohci_hcd: USB 1.1 'Open' Host Controller (OHCI) Driver
[    1.207742] ohci-pci: OHCI PCI platform driver
[    1.207789] uhci_hcd: USB Universal Host Controller Interface driver
[    1.208246] uhci_hcd 0000:02:00.0: UHCI Host Controller
[    1.208471] uhci_hcd 0000:02:00.0: new USB bus registered, assigned bus number 2
[    1.208568] uhci_hcd 0000:02:00.0: detected 2 ports
[    1.208773] uhci_hcd 0000:02:00.0: irq 18, io base 0x00002080
[    1.208920] usb usb2: New USB device found, idVendor=1d6b, idProduct=0001, bcdDevice= 4.18
[    1.208981] usb usb2: New USB device strings: Mfr=3, Product=2, SerialNumber=1
[    1.209033] usb usb2: Product: UHCI Host Controller
[    1.209069] usb usb2: Manufacturer: Linux 4.18.0-408.el8.x86_64 uhci_hcd
[    1.209115] usb usb2: SerialNumber: 0000:02:00.0
[    1.209346] hub 2-0:1.0: USB hub found
[    1.209397] hub 2-0:1.0: 2 ports detected
[    1.209685] usbcore: registered new interface driver usbserial_generic
[    1.209735] usbserial: USB Serial support registered for generic
[    1.209815] i8042: PNP: PS/2 Controller [PNP0303:KBC,PNP0f13:MOUS] at 0x60,0x64 irq 1,12
[    1.210930] serio: i8042 KBD port at 0x60,0x64 irq 1
[    1.210974] serio: i8042 AUX port at 0x60,0x64 irq 12
[    1.211234] mousedev: PS/2 mouse device common for all mice
[    1.217242] input: AT Translated Set 2 keyboard as /devices/platform/i8042/serio0/input/input1
[    1.217939] input: VirtualPS/2 VMware VMMouse as /devices/platform/i8042/serio1/input/input4
[    1.218223] input: VirtualPS/2 VMware VMMouse as /devices/platform/i8042/serio1/input/input3
[    1.233434] rtc_cmos 00:01: registered as rtc0
[    1.233501] rtc_cmos 00:01: alarms up to one month, y3k, 114 bytes nvram, hpet irqs
[    1.233570] intel_pstate: CPU model not supported
[    1.236340] hid: raw HID events driver (C) Jiri Kosina
[    1.236495] usbcore: registered new interface driver usbhid
[    1.236554] usbhid: USB HID core driver
[    1.236876] drop_monitor: Initializing network drop monitor service
[    1.236987] Initializing XFRM netlink socket
[    1.237234] NET: Registered protocol family 10
[    1.238761] Segment Routing with IPv6
[    1.238811] NET: Registered protocol family 17
[    1.238931] mpls_gso: MPLS GSO support
[    1.239399] AVX2 version of gcm_enc/dec engaged.
[    1.239438] AES CTR mode by8 optimization enabled
[    1.298306] sched_clock: Marking stable (1298296188, 0)->(1633625986, -335329798)
[    1.298752] registered taskstats version 1
[    1.299150] Loading compiled-in X.509 certificates
[    1.331660] Loaded X.509 cert 'CentOS kernel signing key: 3f2f79f6b396b0f6e9886254b85e2a8a13e2bef2'
[    1.331754] Loaded X.509 cert 'CentOS Linux Driver update signing key: 7f421ee0ab69461574bb358861dbe77762a4201b'
[    1.331842] Loaded X.509 cert 'CentOS Linux kpatch signing key: ea0413152cde1d98ebdca3fe6f0230904c9ef717'
[    1.331990] zswap: loaded using pool lzo/zbud
[    1.332167] page_owner is disabled
[    1.343174] Key type big_key registered
[    1.348397] Key type encrypted registered
[    1.348450] ima: No TPM chip found, activating TPM-bypass!
[    1.348497] ima: Allocated hash algorithm: sha256
[    1.348538] ima: No architecture policies found
[    1.348579] evm: Initialising EVM extended attributes:
[    1.348618] evm: security.selinux
[    1.348645] evm: security.ima
[    1.348671] evm: security.capability
[    1.348700] evm: HMAC attrs: 0x1
[    1.349379] rtc_cmos 00:01: setting system clock to 2023-08-17 06:58:14 UTC (1692255494)
[    1.350951] Freeing unused decrypted memory: 2036K
[    1.351283] Freeing unused kernel image (initmem) memory: 2532K
[    1.356585] Write protecting the kernel read-only data: 24576k
[    1.357228] Freeing unused kernel image (text/rodata gap) memory: 2012K
[    1.357636] Freeing unused kernel image (rodata/data gap) memory: 1884K
[    1.382572] systemd[1]: systemd 239 (239-69.el8) running in system mode. (+PAM +AUDIT +SELINUX +IMA -APPARMOR +SMACK +SYSVINIT +UTMP +LIBCRYPTSETUP +GCRYPT +GNUTLS +ACL +XZ +LZ4 +SECCOMP +BLKID +ELFUTILS +KMOD +IDN2 -IDN +PCRE2 default-hierarchy=legacy)
[    1.382748] systemd[1]: Detected virtualization vmware.
[    1.382791] systemd[1]: Detected architecture x86-64.
[    1.382924] systemd[1]: Running in initial RAM disk.
[    1.387297] systemd[1]: Set hostname to <rnd.devops-fi.com>.
[    1.434230] usb 2-1: new full-speed USB device number 2 using uhci_hcd
[    1.446692] systemd[1]: Reached target Slices.
[    1.447005] systemd[1]: Listening on udev Control Socket.
[    1.447227] systemd[1]: Listening on Journal Socket (/dev/log).
[    1.448722] systemd[1]: Created slice system-systemd\x2dhibernate\x2dresume.slice.
[    1.448977] systemd[1]: Reached target Timers.
[    1.488108] fuse: init (API version 7.33)
[    1.584002] usb 2-1: New USB device found, idVendor=0e0f, idProduct=0003, bcdDevice= 1.03
[    1.584073] usb 2-1: New USB device strings: Mfr=1, Product=2, SerialNumber=0
[    1.584122] usb 2-1: Product: VMware Virtual USB Mouse
[    1.584160] usb 2-1: Manufacturer: VMware
[    1.594012] input: VMware VMware Virtual USB Mouse as /devices/pci0000:00/0000:00:11.0/0000:02:00.0/usb2/2-1/2-1:1.0/0003:0E0F:0003.0001/input/input5
[    1.594173] hid-generic 0003:0E0F:0003.0001: input,hidraw0: USB HID v1.10 Mouse [VMware VMware Virtual USB Mouse] on usb-0000:02:00.0-1/input0
[    1.709403] usb 2-2: new full-speed USB device number 3 using uhci_hcd
[    1.854550] usb 2-2: New USB device found, idVendor=0e0f, idProduct=0002, bcdDevice= 1.00
[    1.854626] usb 2-2: New USB device strings: Mfr=1, Product=2, SerialNumber=0
[    1.854677] usb 2-2: Product: VMware Virtual USB Hub
[    1.854716] usb 2-2: Manufacturer: VMware, Inc.
[    1.862172] hub 2-2:1.0: USB hub found
[    1.864813] hub 2-2:1.0: 7 ports detected
[    1.951410] tsc: Refined TSC clocksource calibration: 2808.004 MHz
[    1.951505] clocksource: tsc: mask: 0xffffffffffffffff max_cycles: 0x2879c989f7e, max_idle_ns: 440795237972 ns
[    1.951608] clocksource: Switched to clocksource tsc
[    2.166311] usb 2-2.1: new full-speed USB device number 4 using uhci_hcd
[    2.271122] usb 2-2.1: New USB device found, idVendor=0e0f, idProduct=0008, bcdDevice= 1.00
[    2.271192] usb 2-2.1: New USB device strings: Mfr=1, Product=2, SerialNumber=3
[    2.271243] usb 2-2.1: Product: Virtual Bluetooth Adapter
[    2.271282] usb 2-2.1: Manufacturer: VMware
[    2.271314] usb 2-2.1: SerialNumber: 000650268328
[    2.450973] Fusion MPT base driver 3.04.20
[    2.451027] Copyright (c) 1999-2008 LSI Corporation
[    2.482968] Fusion MPT SPI Host driver 3.04.20
[    2.483567] e1000: Intel(R) PRO/1000 Network Driver - version 7.3.21-k8-NAPI
[    2.483645] e1000: Copyright (c) 1999-2006 Intel Corporation.
[    2.483724] Warning: Unmaintained hardware is detected:  e1000:100F:8086 @ 0000:02:01.0
[    2.497765] mptbase: ioc0: Initiating bringup
[    2.526428] ioc0: LSI53C1030 B0: Capabilities={Initiator}
[    2.540148] libata version 3.00 loaded.
[    2.554606] ata_piix 0000:00:07.1: version 2.13
[    2.603738] scsi host0: ata_piix
[    2.616021] scsi host2: ata_piix
[    2.616121] ata1: PATA max UDMA/33 cmd 0x1f0 ctl 0x3f6 bmdma 0x1060 irq 14
[    2.616191] ata2: PATA max UDMA/33 cmd 0x170 ctl 0x376 bmdma 0x1068 irq 15
[    2.617505] scsi host1: ioc0: LSI53C1030 B0, FwRev=01032920h, Ports=1, MaxQ=128, IRQ=17
[    2.673184] MPTSPI MODULE IS NOT SUPPORTED
[    2.673440] scsi 1:0:0:0: Direct-Access     VMware,  VMware Virtual S 1.0  PQ: 0 ANSI: 2
[    2.680080] scsi target1:0:0: Beginning Domain Validation
[    2.680746] scsi target1:0:0: Domain Validation skipping write tests
[    2.680813] scsi target1:0:0: Ending Domain Validation
[    2.680873] scsi target1:0:0: FAST-40 WIDE SCSI 80.0 MB/s ST (25 ns, offset 127)
[    2.730304] vmwgfx 0000:00:0f.0: vgaarb: deactivate vga console
[    2.730942] Console: switching to colour dummy device 80x25
[    2.741350] [TTM] Zone  kernel: Available graphics memory: 1896712 KiB
[    2.741408] [drm] FIFO at 0x00000000fe000000 size is 8192 kiB
[    2.741529] [drm] VRAM at 0x00000000e8000000 size is 131072 kiB
[    2.741598] [drm] Running on SVGA version 2.
